../Core/Src/main.c:75:6:delay_us	16	static
../Core/Src/main.c:81:12:constrain	24	static
../Core/Src/main.c:103:5:main	88	static
../Core/Src/main.c:303:6:SystemClock_Config	88	static
../Core/Src/main.c:344:13:MX_ADC_Init	24	static
../Core/Src/main.c:398:13:MX_TIM2_Init	48	static
../Core/Src/main.c:447:13:MX_TIM14_Init	40	static
../Core/Src/main.c:493:13:MX_TIM16_Init	8	static
../Core/Src/main.c:525:13:MX_USART2_UART_Init	8	static
../Core/Src/main.c:560:13:MX_GPIO_Init	48	static
../Core/Src/main.c:594:6:Error_Handler	8	static,ignoring_inline_asm
