2026-04-15 15:44:50,029 [INFO] WebApp:194 - Connection lost
2026-04-15 15:44:52,749 [INFO] WebApp:191 - Connection restablished
2026-04-15 18:19:19,468 [INFO] UtilMem:75 - End SaveConfig() Used Memory: 917163176 Bytes (1073741824)
2026-04-15 18:19:19,670 [INFO] UtilMem:75 - End SaveConfig() Used Memory: 929036472 Bytes (1073741824)
2026-04-15 18:19:25,899 [INFO] UtilMem:75 - End SaveConfig() Used Memory: 693920320 Bytes (1073741824)
2026-04-15 18:19:26,330 [INFO] BlockDiagram:2775 - set Specific Code input for plugin: ADC
2026-04-15 18:19:26,331 [INFO] BlockDiagram:2775 - set Specific Code input for plugin: NVIC
2026-04-15 18:19:26,331 [INFO] BlockDiagram:2775 - set Specific Code input for plugin: TIM1_8F0
2026-04-15 18:19:26,332 [INFO] BlockDiagram:2775 - set Specific Code input for plugin: SYS
2026-04-15 18:19:26,332 [INFO] BlockDiagram:2775 - set Specific Code input for plugin: GPIO
2026-04-15 18:19:26,332 [INFO] BlockDiagram:2775 - set Specific Code input for plugin: RCC
2026-04-15 18:19:26,333 [INFO] CodeGenerator:892 - code generatio: config db path: /Applications/STM32CubeIDE.app/Contents/Eclipse/plugins/com.st.stm32cube.common.mx_6.15.0.202507011659//db/
2026-04-15 18:19:26,418 [INFO] CodeEngine:265 - oldGeneratedFile, /Users/jaspertan/Desktop/SCU/MECH208/Final_Project/Code/STM32_Code/tilt_plate/MXTmpFiles/license.tmp_save
2026-04-15 18:19:26,691 [INFO] CodeEngine:289 - Generated code: /Users/jaspertan/Desktop/SCU/MECH208/Final_Project/Code/STM32_Code/tilt_plate/MXTmpFiles/license.tmp
2026-04-15 18:19:26,748 [INFO] CodeEngine:265 - oldGeneratedFile, /Users/jaspertan/Desktop/SCU/MECH208/Final_Project/Code/STM32_Code/tilt_plate/MXTmpFiles/gpio.tmp_save
2026-04-15 18:19:26,896 [INFO] CodeEngine:289 - Generated code: /Users/jaspertan/Desktop/SCU/MECH208/Final_Project/Code/STM32_Code/tilt_plate/MXTmpFiles/gpio.tmp
2026-04-15 18:19:26,965 [INFO] CodeEngine:265 - oldGeneratedFile, /Users/jaspertan/Desktop/SCU/MECH208/Final_Project/Code/STM32_Code/tilt_plate/Core/Src/stm32f0xx_it.c_save
2026-04-15 18:19:27,156 [INFO] CodeEngine:289 - Generated code: /Users/jaspertan/Desktop/SCU/MECH208/Final_Project/Code/STM32_Code/tilt_plate/Core/Src/stm32f0xx_it.c
2026-04-15 18:19:27,159 [INFO] CodeEngine:265 - oldGeneratedFile, /Users/jaspertan/Desktop/SCU/MECH208/Final_Project/Code/STM32_Code/tilt_plate/Core/Inc/stm32f0xx_it.h_save
2026-04-15 18:19:27,223 [INFO] CodeEngine:289 - Generated code: /Users/jaspertan/Desktop/SCU/MECH208/Final_Project/Code/STM32_Code/tilt_plate/Core/Inc/stm32f0xx_it.h
2026-04-15 18:19:27,228 [INFO] CodeEngine:265 - oldGeneratedFile, /Users/jaspertan/Desktop/SCU/MECH208/Final_Project/Code/STM32_Code/tilt_plate/Core/Src/stm32f0xx_hal_msp.c_save
2026-04-15 18:19:27,377 [INFO] CodeEngine:289 - Generated code: /Users/jaspertan/Desktop/SCU/MECH208/Final_Project/Code/STM32_Code/tilt_plate/Core/Src/stm32f0xx_hal_msp.c
2026-04-15 18:19:27,380 [INFO] CodeEngine:265 - oldGeneratedFile, /Users/jaspertan/Desktop/SCU/MECH208/Final_Project/Code/STM32_Code/tilt_plate/MXTmpFiles/system.tmp_save
2026-04-15 18:19:27,440 [INFO] CodeEngine:289 - Generated code: /Users/jaspertan/Desktop/SCU/MECH208/Final_Project/Code/STM32_Code/tilt_plate/MXTmpFiles/system.tmp
2026-04-15 18:19:27,446 [INFO] CodeEngine:321 - oldGeneratedFile, /Users/jaspertan/Desktop/SCU/MECH208/Final_Project/Code/STM32_Code/tilt_plate/Core/Inc/stm32f0xx_hal_conf.h_save
2026-04-15 18:19:27,513 [INFO] CodeEngine:345 - Generated code: /Users/jaspertan/Desktop/SCU/MECH208/Final_Project/Code/STM32_Code/tilt_plate/Core/Inc/stm32f0xx_hal_conf.h
2026-04-15 18:19:27,529 [WARN] IPConfigManager:3811 - IP not found : TIM
2026-04-15 18:19:27,530 [WARN] CodeGenerator:4259 - IP not found : null
2026-04-15 18:19:27,532 [INFO] CodeEngine:265 - oldGeneratedFile, /Users/jaspertan/Desktop/SCU/MECH208/Final_Project/Code/STM32_Code/tilt_plate/Core/Inc/main.h_save
2026-04-15 18:19:27,626 [INFO] CodeEngine:289 - Generated code: /Users/jaspertan/Desktop/SCU/MECH208/Final_Project/Code/STM32_Code/tilt_plate/Core/Inc/main.h
2026-04-15 18:19:27,629 [INFO] CodeEngine:265 - oldGeneratedFile, /Users/jaspertan/Desktop/SCU/MECH208/Final_Project/Code/STM32_Code/tilt_plate/Core/Src/main.c_save
2026-04-15 18:19:27,755 [INFO] CodeEngine:289 - Generated code: /Users/jaspertan/Desktop/SCU/MECH208/Final_Project/Code/STM32_Code/tilt_plate/Core/Src/main.c
2026-04-15 18:19:27,905 [INFO] ProjectBuilder:3606 - Time for Copy HAL[1] : 55mS.
2026-04-15 18:19:27,909 [INFO] ProjectBuilder:5216 - Project Generator version: 4.7.0-B52
2026-04-15 18:19:28,004 [INFO] ConfigFileManager:1595 - The Die is : DIE445
2026-04-15 18:19:31,158 [INFO] ProjectBuilder:5496 - Time for Generating toolchain IDE Files: 3243mS.
2026-04-15 18:19:31,163 [INFO] ProjectBuilder:3463 - Time for Copy CMSIS : 0mS.
2026-04-15 18:19:31,165 [INFO] ProjectBuilder:3463 - Time for Copy CMSIS : 0mS.
2026-04-15 18:34:31,553 [INFO] NvicIntPanel:101 - NVIC parent = com.st.microxplorer.plugins.ip.nvic.MultiNvicIntPanel[,0,0,0x0,invalid,layout=javax.swing.BoxLayout,alignmentX=0.0,alignmentY=0.0,border=,flags=9,maximumSize=,minimumSize=,preferredSize=]
2026-04-15 18:34:59,797 [INFO] UtilMem:75 - End SaveConfig() Used Memory: 972335728 Bytes (1073741824)
2026-04-15 18:34:59,959 [INFO] UtilMem:75 - End SaveConfig() Used Memory: 983343728 Bytes (1073741824)
2026-04-15 18:35:00,219 [INFO] UtilMem:75 - End SaveConfig() Used Memory: 688657032 Bytes (1073741824)
2026-04-15 18:35:01,009 [INFO] BlockDiagram:2775 - set Specific Code input for plugin: ADC
2026-04-15 18:35:01,012 [INFO] BlockDiagram:2775 - set Specific Code input for plugin: NVIC
2026-04-15 18:35:01,013 [INFO] BlockDiagram:2775 - set Specific Code input for plugin: TIM1_8F0
2026-04-15 18:35:01,013 [INFO] BlockDiagram:2775 - set Specific Code input for plugin: SYS
2026-04-15 18:35:01,013 [INFO] BlockDiagram:2775 - set Specific Code input for plugin: GPIO
2026-04-15 18:35:01,013 [INFO] BlockDiagram:2775 - set Specific Code input for plugin: RCC
2026-04-15 18:35:01,014 [INFO] CodeGenerator:892 - code generatio: config db path: /Applications/STM32CubeIDE.app/Contents/Eclipse/plugins/com.st.stm32cube.common.mx_6.15.0.202507011659//db/
2026-04-15 18:35:01,138 [INFO] CodeEngine:265 - oldGeneratedFile, /Users/jaspertan/Desktop/SCU/MECH208/Final_Project/Code/STM32_Code/tilt_plate/MXTmpFiles/license.tmp_save
2026-04-15 18:35:01,393 [INFO] CodeEngine:289 - Generated code: /Users/jaspertan/Desktop/SCU/MECH208/Final_Project/Code/STM32_Code/tilt_plate/MXTmpFiles/license.tmp
2026-04-15 18:35:01,466 [INFO] CodeEngine:265 - oldGeneratedFile, /Users/jaspertan/Desktop/SCU/MECH208/Final_Project/Code/STM32_Code/tilt_plate/MXTmpFiles/gpio.tmp_save
2026-04-15 18:35:01,613 [INFO] CodeEngine:289 - Generated code: /Users/jaspertan/Desktop/SCU/MECH208/Final_Project/Code/STM32_Code/tilt_plate/MXTmpFiles/gpio.tmp
2026-04-15 18:35:01,694 [INFO] CodeEngine:265 - oldGeneratedFile, /Users/jaspertan/Desktop/SCU/MECH208/Final_Project/Code/STM32_Code/tilt_plate/Core/Src/stm32f0xx_it.c_save
2026-04-15 18:35:01,885 [INFO] CodeEngine:289 - Generated code: /Users/jaspertan/Desktop/SCU/MECH208/Final_Project/Code/STM32_Code/tilt_plate/Core/Src/stm32f0xx_it.c
2026-04-15 18:35:01,887 [INFO] CodeEngine:265 - oldGeneratedFile, /Users/jaspertan/Desktop/SCU/MECH208/Final_Project/Code/STM32_Code/tilt_plate/Core/Inc/stm32f0xx_it.h_save
2026-04-15 18:35:01,952 [INFO] CodeEngine:289 - Generated code: /Users/jaspertan/Desktop/SCU/MECH208/Final_Project/Code/STM32_Code/tilt_plate/Core/Inc/stm32f0xx_it.h
2026-04-15 18:35:01,958 [INFO] CodeEngine:265 - oldGeneratedFile, /Users/jaspertan/Desktop/SCU/MECH208/Final_Project/Code/STM32_Code/tilt_plate/Core/Src/stm32f0xx_hal_msp.c_save
2026-04-15 18:35:02,090 [INFO] CodeEngine:289 - Generated code: /Users/jaspertan/Desktop/SCU/MECH208/Final_Project/Code/STM32_Code/tilt_plate/Core/Src/stm32f0xx_hal_msp.c
2026-04-15 18:35:02,093 [INFO] CodeEngine:265 - oldGeneratedFile, /Users/jaspertan/Desktop/SCU/MECH208/Final_Project/Code/STM32_Code/tilt_plate/MXTmpFiles/system.tmp_save
2026-04-15 18:35:02,151 [INFO] CodeEngine:289 - Generated code: /Users/jaspertan/Desktop/SCU/MECH208/Final_Project/Code/STM32_Code/tilt_plate/MXTmpFiles/system.tmp
2026-04-15 18:35:02,160 [INFO] CodeEngine:321 - oldGeneratedFile, /Users/jaspertan/Desktop/SCU/MECH208/Final_Project/Code/STM32_Code/tilt_plate/Core/Inc/stm32f0xx_hal_conf.h_save
2026-04-15 18:35:02,225 [INFO] CodeEngine:345 - Generated code: /Users/jaspertan/Desktop/SCU/MECH208/Final_Project/Code/STM32_Code/tilt_plate/Core/Inc/stm32f0xx_hal_conf.h
2026-04-15 18:35:02,265 [WARN] IPConfigManager:3811 - IP not found : TIM
2026-04-15 18:35:02,266 [WARN] CodeGenerator:4259 - IP not found : null
2026-04-15 18:35:02,272 [INFO] CodeEngine:265 - oldGeneratedFile, /Users/jaspertan/Desktop/SCU/MECH208/Final_Project/Code/STM32_Code/tilt_plate/Core/Inc/main.h_save
2026-04-15 18:35:02,384 [INFO] CodeEngine:289 - Generated code: /Users/jaspertan/Desktop/SCU/MECH208/Final_Project/Code/STM32_Code/tilt_plate/Core/Inc/main.h
2026-04-15 18:35:02,386 [INFO] CodeEngine:265 - oldGeneratedFile, /Users/jaspertan/Desktop/SCU/MECH208/Final_Project/Code/STM32_Code/tilt_plate/Core/Src/main.c_save
2026-04-15 18:35:02,548 [INFO] CodeEngine:289 - Generated code: /Users/jaspertan/Desktop/SCU/MECH208/Final_Project/Code/STM32_Code/tilt_plate/Core/Src/main.c
2026-04-15 18:35:02,716 [INFO] ProjectBuilder:3606 - Time for Copy HAL[1] : 55mS.
2026-04-15 18:35:02,722 [INFO] ProjectBuilder:5216 - Project Generator version: 4.7.0-B52
2026-04-15 18:35:02,807 [INFO] ConfigFileManager:1595 - The Die is : DIE445
2026-04-15 18:35:05,805 [INFO] ProjectBuilder:5496 - Time for Generating toolchain IDE Files: 3072mS.
2026-04-15 18:35:05,814 [INFO] ProjectBuilder:3463 - Time for Copy CMSIS : 1mS.
2026-04-15 18:35:05,816 [INFO] ProjectBuilder:3463 - Time for Copy CMSIS : 0mS.
2026-04-15 18:50:50,209 [INFO] MainUpdater:2872 - connection check result : 10
2026-04-15 18:50:50,215 [INFO] MainUpdater:2872 - connection check result : 10
2026-04-15 18:50:50,460 [INFO] MicroXplorer:468 - Change Database Path : 
2026-04-15 18:50:50,461 [INFO] MicroXplorer:498 - Change Database Version : DB.6.0.150
2026-04-15 18:50:50,500 [ERROR] ProjectManagerView:395 - 
java.lang.NullPointerException: Cannot invoke "javax.swing.JTextField.getText()" because the return value of "java.util.List.get(int)" is null
	at com.st.microxplorer.plugins.projectmanager.gui.ProjectChoiceTab$9.caretUpdate(ProjectChoiceTab.java:2706) ~[filemanager.jar:?]
	at javax.swing.text.JTextComponent.fireCaretUpdate(JTextComponent.java:408) ~[?:?]
	at javax.swing.text.JTextComponent$MutableCaretEvent.fire(JTextComponent.java:4484) ~[?:?]
	at javax.swing.text.JTextComponent$MutableCaretEvent.stateChanged(JTextComponent.java:4506) ~[?:?]
	at javax.swing.text.DefaultCaret.fireStateChanged(DefaultCaret.java:857) ~[?:?]
	at javax.swing.text.DefaultCaret.changeCaretPosition(DefaultCaret.java:1343) ~[?:?]
	at javax.swing.text.DefaultCaret.handleSetDot(DefaultCaret.java:1242) ~[?:?]
	at javax.swing.text.DefaultCaret.setDot(DefaultCaret.java:1223) ~[?:?]
	at javax.swing.text.DefaultCaret$Handler.insertUpdate(DefaultCaret.java:1819) ~[?:?]
	at javax.swing.text.AbstractDocument.fireInsertUpdate(AbstractDocument.java:227) ~[?:?]
	at javax.swing.text.AbstractDocument.handleInsertString(AbstractDocument.java:781) ~[?:?]
	at javax.swing.text.AbstractDocument.insertString(AbstractDocument.java:740) ~[?:?]
	at javax.swing.text.PlainDocument.insertString(PlainDocument.java:131) ~[?:?]
	at javax.swing.text.AbstractDocument.replace(AbstractDocument.java:699) ~[?:?]
	at javax.swing.text.JTextComponent.setText(JTextComponent.java:1725) ~[?:?]
	at com.st.microxplorer.plugins.projectmanager.gui.ProjectChoiceTab.createHeapStackFields(ProjectChoiceTab.java:993) ~[filemanager.jar:?]
	at com.st.microxplorer.plugins.projectmanager.gui.ProjectChoiceTab.buildLinkSettingsPanel(ProjectChoiceTab.java:3813) ~[filemanager.jar:?]
	at com.st.microxplorer.plugins.projectmanager.gui.ProjectChoiceTab.defineWindowsFields(ProjectChoiceTab.java:1987) ~[filemanager.jar:?]
	at com.st.microxplorer.plugins.projectmanager.gui.ProjectChoiceTab.updateSettings(ProjectChoiceTab.java:558) ~[filemanager.jar:?]
	at com.st.microxplorer.plugins.projectmanager.gui.ProjectSettingsPanel.UpdateDialog(ProjectSettingsPanel.java:247) ~[filemanager.jar:?]
	at com.st.microxplorer.plugins.projectmanager.ProjectManagerView.propertyChange(ProjectManagerView.java:392) ~[filemanager.jar:?]
	at java.beans.PropertyChangeSupport.fire(PropertyChangeSupport.java:343) ~[?:?]
	at java.beans.PropertyChangeSupport.firePropertyChange(PropertyChangeSupport.java:335) ~[?:?]
	at java.beans.PropertyChangeSupport.firePropertyChange(PropertyChangeSupport.java:268) ~[?:?]
	at com.st.microxplorer.util.MXPropertyChangeSupport.firePropertyChange(MXPropertyChangeSupport.java:54) ~[STM32CubeMX.jar:?]
	at com.st.microxplorer.mxsystem.MxSystem.closeConfig(MxSystem.java:899) ~[STM32CubeMX.jar:?]
	at com.st.microxplorer.maingui.MainPanel.closeConfig(MainPanel.java:792) ~[STM32CubeMX.jar:?]
	at com.st.microxplorer.plugins.filemanager.engine.OpenFileManager.loadConfigurationFile(OpenFileManager.java:288) ~[filemanager.jar:?]
	at com.st.microxplorer.plugins.filemanager.engine.MainFileManager.userLoadConfig(MainFileManager.java:364) ~[filemanager.jar:?]
	at com.st.microxplorer.plugins.filemanager.engine.MainFileManager.userLoadConfig(MainFileManager.java:342) ~[filemanager.jar:?]
	at com.st.microxplorer.plugins.filemanager.FileManagerView.getSpecificTask(FileManagerView.java:264) ~[filemanager.jar:?]
	at com.st.stm32cube.common.mx.editor.CubeMxEditor.getMxTabbedPaneInstance(CubeMxEditor.java:1198) ~[com.st.stm32cube.common.mx_6.15.0.202507011659/:?]
	at com.st.stm32cube.common.mx.editor.CubeMxEditor$12$1.createSwingComponent(CubeMxEditor.java:1068) ~[com.st.stm32cube.common.mx_6.15.0.202507011659/:?]
	at com.st.stm32cube.common.mx.oss.core.awtswtbridge.EmbeddedSwingComposite.doComponentCreation(EmbeddedSwingComposite.java:492) ~[com.st.stm32cube.common.mx.oss_6.15.0.202507011659/:?]
	at com.st.stm32cube.common.mx.oss.core.awtswtbridge.EmbeddedSwingComposite$4.run(EmbeddedSwingComposite.java:291) ~[com.st.stm32cube.common.mx.oss_6.15.0.202507011659/:?]
	at com.st.stm32cube.common.mx.oss.core.awtswtbridge.AwtEnvironment$2.run(AwtEnvironment.java:166) ~[com.st.stm32cube.common.mx.oss_6.15.0.202507011659/:?]
	at java.awt.event.InvocationEvent.dispatch(InvocationEvent.java:318) ~[?:?]
	at java.awt.EventQueue.dispatchEventImpl(EventQueue.java:773) ~[?:?]
	at java.awt.EventQueue$4.run(EventQueue.java:720) ~[?:?]
	at java.awt.EventQueue$4.run(EventQueue.java:714) ~[?:?]
	at java.security.AccessController.doPrivileged(AccessController.java:400) ~[?:?]
	at java.security.ProtectionDomain$JavaSecurityAccessImpl.doIntersectionPrivilege(ProtectionDomain.java:87) ~[?:?]
	at java.awt.EventQueue.dispatchEvent(EventQueue.java:742) ~[?:?]
	at java.awt.EventDispatchThread.pumpOneEventForFilters(EventDispatchThread.java:203) ~[?:?]
	at java.awt.EventDispatchThread.pumpEventsForFilter(EventDispatchThread.java:124) ~[?:?]
	at java.awt.EventDispatchThread.pumpEventsForHierarchy(EventDispatchThread.java:113) ~[?:?]
	at java.awt.EventDispatchThread.pumpEvents(EventDispatchThread.java:109) ~[?:?]
	at java.awt.EventDispatchThread.pumpEvents(EventDispatchThread.java:101) ~[?:?]
	at java.awt.EventDispatchThread.run(EventDispatchThread.java:90) ~[?:?]
2026-04-15 18:50:50,512 [WARN] ThirdParty:871 - waiting for thirdparty lock release [close project]
2026-04-15 18:50:50,512 [INFO] ThirdParty:873 - entering critical section [close project]
2026-04-15 18:50:50,515 [INFO] ThirdParty:883 - exiting critical section [close project]
2026-04-15 18:50:50,519 [INFO] PinOutPanel:1589 - setPackage(No Configuration,No Configuration)
2026-04-15 18:50:50,527 [INFO] UtilMem:75 - Begin LoadConfig() Used Memory: 681477008 Bytes (1073741824)
2026-04-15 18:50:50,528 [INFO] MicroXplorer:468 - Change Database Path : 
2026-04-15 18:50:50,528 [INFO] MicroXplorer:498 - Change Database Version : DB.6.0.150
2026-04-15 18:50:50,528 [INFO] OpenFileManager:355 - Change cursor
2026-04-15 18:50:50,599 [INFO] RulesReader:64 - Compatibility file has been processed (317 Rules)
2026-04-15 18:50:50,615 [INFO] Mcu:2029 - Initializing MCU STM32F042F6Px STM32F042F6Px STM32F042F6P6TR
2026-04-15 18:50:51,093 [INFO] Context:786 - Trying to add GPIOservice into a context  which must be forbidden
2026-04-15 18:50:51,371 [INFO] ImportTextPane:234 - (OptionalMessage_ERROR) Pin12 (VP_RIF_VS_RIF1) cannot be retrieved for this MCU
2026-04-15 18:50:51,437 [INFO] RtosManager:558 - Registered RTOS mode: class=CMSIS, group=RTOS, mode=CMSIS_V1, owner=FREERTOS
2026-04-15 18:50:51,437 [INFO] RtosManager:558 - Registered RTOS mode: class=CMSIS, group=RTOS2, mode=CMSIS_V2, owner=FREERTOS
2026-04-15 18:50:51,437 [INFO] RtosManager:558 - Registered RTOS mode: class=RTOS, group=Core, mode=CMSIS_V1, owner=FREERTOS
2026-04-15 18:50:51,437 [INFO] RtosManager:558 - Registered RTOS mode: class=RTOS, group=Core, mode=CMSIS_V2, owner=FREERTOS
2026-04-15 18:50:51,437 [WARN] ModelIntegratedComponent:184 - Missing modes for component STMicroelectronics:FreeRTOS:0.0.1:STMicroelectronics:RTOS:FreeRTOS:Core:::10.2.0:
2026-04-15 18:50:51,448 [WARN] ModelIntegratedComponent:63 - No mode defined for component null
2026-04-15 18:50:51,448 [WARN] ModelIntegratedComponent:63 - No mode defined for component null
2026-04-15 18:50:51,449 [WARN] ModelIntegratedComponent:63 - No mode defined for component null
2026-04-15 18:50:51,449 [WARN] ModelIntegratedComponent:63 - No mode defined for component null
2026-04-15 18:50:51,449 [WARN] ModelIntegratedComponent:63 - No mode defined for component null
2026-04-15 18:50:51,449 [WARN] ModelIntegratedComponent:63 - No mode defined for component null
2026-04-15 18:50:51,449 [WARN] ModelIntegratedComponent:63 - No mode defined for component null
2026-04-15 18:50:51,449 [WARN] ModelIntegratedComponent:63 - No mode defined for component null
2026-04-15 18:50:51,449 [WARN] ModelIntegratedComponent:63 - No mode defined for component null
2026-04-15 18:50:51,449 [WARN] ModelIntegratedComponent:63 - No mode defined for component null
2026-04-15 18:50:51,449 [WARN] ModelIntegratedComponent:63 - No mode defined for component null
2026-04-15 18:50:51,449 [WARN] ModelIntegratedComponent:63 - No mode defined for component null
2026-04-15 18:50:51,449 [WARN] ModelIntegratedComponent:63 - No mode defined for component null
2026-04-15 18:50:51,449 [WARN] ModelIntegratedComponent:63 - No mode defined for component null
2026-04-15 18:50:51,449 [WARN] ModelIntegratedComponent:63 - No mode defined for component null
2026-04-15 18:50:51,449 [WARN] ModelIntegratedComponent:63 - No mode defined for component null
2026-04-15 18:50:51,449 [WARN] ModelIntegratedComponent:63 - No mode defined for component null
2026-04-15 18:50:51,449 [WARN] ModelIntegratedComponent:63 - No mode defined for component null
2026-04-15 18:50:51,449 [WARN] ModelIntegratedComponent:63 - No mode defined for component null
2026-04-15 18:50:51,449 [WARN] ModelIntegratedComponent:63 - No mode defined for component null
2026-04-15 18:50:51,449 [WARN] ModelIntegratedComponent:63 - No mode defined for component null
2026-04-15 18:50:51,449 [WARN] ModelIntegratedComponent:63 - No mode defined for component null
2026-04-15 18:50:51,449 [WARN] ModelIntegratedComponent:63 - No mode defined for component null
2026-04-15 18:50:51,449 [WARN] ModelIntegratedComponent:63 - No mode defined for component null
2026-04-15 18:50:51,449 [WARN] ModelIntegratedComponent:63 - No mode defined for component null
2026-04-15 18:50:51,449 [WARN] ModelIntegratedComponent:63 - No mode defined for component null
2026-04-15 18:50:51,449 [WARN] ModelIntegratedComponent:63 - No mode defined for component null
2026-04-15 18:50:51,449 [WARN] ModelIntegratedComponent:63 - No mode defined for component null
2026-04-15 18:50:51,449 [WARN] ModelIntegratedComponent:63 - No mode defined for component null
2026-04-15 18:50:51,449 [WARN] ModelIntegratedComponent:63 - No mode defined for component null
2026-04-15 18:50:51,449 [WARN] ModelIntegratedComponent:63 - No mode defined for component null
2026-04-15 18:50:51,449 [WARN] ModelIntegratedComponent:63 - No mode defined for component null
2026-04-15 18:50:51,449 [WARN] ModelIntegratedComponent:63 - No mode defined for component null
2026-04-15 18:50:51,449 [WARN] ModelIntegratedComponent:63 - No mode defined for component null
2026-04-15 18:50:51,449 [WARN] ModelIntegratedComponent:63 - No mode defined for component null
2026-04-15 18:50:51,450 [WARN] ModelPack:524 - Component already loaded: STMicroelectronics:HAL Drivers:0.0.0:STMicroelectronics:Device:STMicro_Driver:XSPI:HAL::0.0.1:HAL_XSPI
2026-04-15 18:50:51,632 [INFO] ThirdPartyModel:298 - Start build external matchings
2026-04-15 18:50:52,079 [INFO] ThirdPartyModel:316 - End build external matchings
2026-04-15 18:50:52,181 [INFO] UtilMem:75 - End LoadConfig() Used Memory: 939303408 Bytes (1073741824)
2026-04-15 18:50:52,208 [WARN] ThirdParty:833 - waiting for thirdparty lock release [change project]
2026-04-15 18:50:52,208 [INFO] ThirdParty:835 - entering critical section [change project]
2026-04-15 18:50:52,208 [INFO] ThirdParty:1030 - CMSIS Pack Vendor :STMicroelectronics X-CUBE-AZRTOS-H7 3.5.0
2026-04-15 18:50:52,208 [INFO] ThirdParty:1030 - CMSIS Pack Vendor :STMicroelectronics X-CUBE-PM33A1 1.0.0
2026-04-15 18:50:52,208 [INFO] ThirdParty:1030 - CMSIS Pack Vendor :STMicroelectronics USBPD 4.1
2026-04-15 18:50:52,208 [INFO] ThirdParty:1030 - CMSIS Pack Vendor :STMicroelectronics USB_HOST 2.0.0
2026-04-15 18:50:52,208 [INFO] ThirdParty:1030 - CMSIS Pack Vendor :STMicroelectronics FP-SNS-MOTENVWB1 1.4.0
2026-04-15 18:50:52,208 [INFO] ThirdParty:1030 - CMSIS Pack Vendor :STMicroelectronics X-CUBE-AZRTOS-F4 1.1.0
2026-04-15 18:50:52,208 [INFO] ThirdParty:1030 - CMSIS Pack Vendor :STMicroelectronics LIBJPEG 8.0.0
2026-04-15 18:50:52,208 [INFO] ThirdParty:1030 - CMSIS Pack Vendor :STMicroelectronics FP-ATR-ASTRA1 2.0.2
2026-04-15 18:50:52,208 [INFO] ThirdParty:1030 - CMSIS Pack Vendor :Avnet-IotConnect X-CUBE-IoTC-DA16k-PMOD 1.0.0
2026-04-15 18:50:52,208 [INFO] ThirdParty:1030 - CMSIS Pack Vendor :STMicroelectronics X-CUBE-SMBUS 2.1.0
2026-04-15 18:50:52,208 [INFO] ThirdParty:1030 - CMSIS Pack Vendor :STMicroelectronics X-CUBE-ISPU 2.1.0
2026-04-15 18:50:52,208 [INFO] ThirdParty:1030 - CMSIS Pack Vendor :STMicroelectronics X-CUBE-IPS 3.2.0
2026-04-15 18:50:52,208 [INFO] ThirdParty:1030 - CMSIS Pack Vendor :STMicroelectronics eDS-WB_DPC_TT-BIDIR 2.1.1
2026-04-15 18:50:52,208 [INFO] ThirdParty:1030 - CMSIS Pack Vendor :STMicroelectronics X-CUBE-ST60 1.0.0
2026-04-15 18:50:52,208 [INFO] ThirdParty:1030 - CMSIS Pack Vendor :STMicroelectronics X-CUBE-NFC12 1.0.0
2026-04-15 18:50:52,208 [INFO] ThirdParty:1030 - CMSIS Pack Vendor :STMicroelectronics X-CUBE-AZRTOS-F7 1.1.0
2026-04-15 18:50:52,209 [INFO] ThirdParty:1030 - CMSIS Pack Vendor :STMicroelectronics X-CUBE-AZRTOS-L5 2.0.0
2026-04-15 18:50:52,209 [INFO] ThirdParty:1030 - CMSIS Pack Vendor :STMicroelectronics USB_DEVICE 2.0.0
2026-04-15 18:50:52,209 [INFO] ThirdParty:1030 - CMSIS Pack Vendor :STMicroelectronics X-CUBE-NFC6 3.1.0
2026-04-15 18:50:52,209 [INFO] ThirdParty:1030 - CMSIS Pack Vendor :STMicroelectronics FP-SNS-MOTENV1 5.1.0
2026-04-15 18:50:52,209 [INFO] ThirdParty:1030 - CMSIS Pack Vendor :STMicroelectronics FreeRTOS 0.0.1
2026-04-15 18:50:52,209 [INFO] ThirdParty:1030 - CMSIS Pack Vendor :STMicroelectronics eDS-WB_DPC_VIENNA 1.2.0
2026-04-15 18:50:52,209 [INFO] ThirdParty:1030 - CMSIS Pack Vendor :STMicroelectronics eDS-WB_DPC_3PH2L-BIDIR 1.1.1
2026-04-15 18:50:52,209 [INFO] ThirdParty:1030 - CMSIS Pack Vendor :Infineon AIROC-Wi-Fi-Bluetooth-STM32 1.7.0
2026-04-15 18:50:52,209 [INFO] ThirdParty:1030 - CMSIS Pack Vendor :STMicroelectronics PDM2PCM 3.3.0
2026-04-15 18:50:52,209 [INFO] ThirdParty:1030 - CMSIS Pack Vendor :STMicroelectronics X-CUBE-AZRTOS-H7 3.4.0
2026-04-15 18:50:52,209 [INFO] ThirdParty:1030 - CMSIS Pack Vendor :STMicroelectronics X-CUBE-DISPLAY 3.0.0
2026-04-15 18:50:52,209 [INFO] ThirdParty:1030 - CMSIS Pack Vendor :STMicroelectronics FP-SNS-MOTENVWB1 1.5.0
2026-04-15 18:50:52,209 [INFO] ThirdParty:1030 - CMSIS Pack Vendor :STMicroelectronics X-CUBE-NFC10 1.0.0
2026-04-15 18:50:52,209 [INFO] ThirdParty:1030 - CMSIS Pack Vendor :STMicroelectronics X-CUBE-BLEMGR 4.0.0
2026-04-15 18:50:52,209 [INFO] ThirdParty:1030 - CMSIS Pack Vendor :STMicroelectronics X-CUBE-FREERTOS 1.3.1
2026-04-15 18:50:52,209 [INFO] ThirdParty:1030 - CMSIS Pack Vendor :STMicroelectronics HAL Drivers 0.0.0
2026-04-15 18:50:52,209 [INFO] ThirdParty:1030 - CMSIS Pack Vendor :STMicroelectronics X-CUBE-ST60 1.1.0
2026-04-15 18:50:52,209 [INFO] ThirdParty:1030 - CMSIS Pack Vendor :emotas I-CUBE-CANOPEN 1.3.0
2026-04-15 18:50:52,209 [INFO] ThirdParty:1030 - CMSIS Pack Vendor :STMicroelectronics X-CUBE-FREERTOS 1.3.0
2026-04-15 18:50:52,209 [INFO] ThirdParty:1030 - CMSIS Pack Vendor :STMicroelectronics X-CUBE-NFC7 1.0.1
2026-04-15 18:50:52,209 [INFO] ThirdParty:1030 - CMSIS Pack Vendor :STMicroelectronics MBEDTLS 2.14.1
2026-04-15 18:50:52,209 [INFO] ThirdParty:1030 - CMSIS Pack Vendor :STMicroelectronics X-CUBE-GNSS1 7.1.0
2026-04-15 18:50:52,209 [INFO] ThirdParty:1030 - CMSIS Pack Vendor :STMicroelectronics X-CUBE-TOUCHGFX 4.26.0
2026-04-15 18:50:52,209 [INFO] ThirdParty:1030 - CMSIS Pack Vendor :STMicroelectronics X-CUBE-TOUCHGFX 4.26.1
2026-04-15 18:50:52,209 [INFO] ThirdParty:1030 - CMSIS Pack Vendor :quantropi X-CUBE-qispace-sdk-base 2.0.0
2026-04-15 18:50:52,209 [INFO] ThirdParty:1030 - CMSIS Pack Vendor :STMicroelectronics X-CUBE-AI 10.0.0
2026-04-15 18:50:52,209 [INFO] ThirdParty:1030 - CMSIS Pack Vendor :STMicroelectronics FP-SNS-STBOX1 2.1.0
2026-04-15 18:50:52,209 [INFO] ThirdParty:1030 - CMSIS Pack Vendor :STMicroelectronics FP-SNS-STAIOTCFT 1.0.0
2026-04-15 18:50:52,209 [INFO] ThirdParty:1030 - CMSIS Pack Vendor :STMicroelectronics FP-SNS-SMARTAG2 1.2.0
2026-04-15 18:50:52,209 [INFO] ThirdParty:1030 - CMSIS Pack Vendor :STMicroelectronics FP-SNS-FLIGHT1 5.1.0
2026-04-15 18:50:52,210 [INFO] ThirdParty:1030 - CMSIS Pack Vendor :STMicroelectronics X-CUBE-AZRTOS-WL 2.0.0
2026-04-15 18:50:52,210 [INFO] ThirdParty:1030 - CMSIS Pack Vendor :STMicroelectronics X-CUBE-DPower 1.3.0
2026-04-15 18:50:52,210 [INFO] ThirdParty:1030 - CMSIS Pack Vendor :STMicroelectronics FP-SNS-MOTENV1 5.0.0
2026-04-15 18:50:52,210 [INFO] ThirdParty:1030 - CMSIS Pack Vendor :STMicroelectronics USB_DEVICE 1.0.0
2026-04-15 18:50:52,210 [INFO] ThirdParty:1030 - CMSIS Pack Vendor :STMicroelectronics X-CUBE-AZRTOS-H7RS 1.2.0
2026-04-15 18:50:52,210 [INFO] ThirdParty:1030 - CMSIS Pack Vendor :STMicroelectronics X-CUBE-AZRTOS-L4 2.0.0
2026-04-15 18:50:52,210 [INFO] ThirdParty:1030 - CMSIS Pack Vendor :STMicroelectronics ThreadX 0.0.2
2026-04-15 18:50:52,210 [INFO] ThirdParty:1030 - CMSIS Pack Vendor :WES I-CUBE-Cesium 1.3.0
2026-04-15 18:50:52,210 [INFO] ThirdParty:1030 - CMSIS Pack Vendor :STMicroelectronics lwIP 2.1.2
2026-04-15 18:50:52,211 [INFO] ThirdParty:1030 - CMSIS Pack Vendor :STMicroelectronics X-CUBE-SFXS2LP1 4.0.0
2026-04-15 18:50:52,211 [INFO] ThirdParty:1030 - CMSIS Pack Vendor :STMicroelectronics X-CUBE-BLE2 3.3.0
2026-04-15 18:50:52,211 [INFO] ThirdParty:1030 - CMSIS Pack Vendor :Avnet-IOTCONNECT X-CUBE-iotc-st67-sdk 1.0.0
2026-04-15 18:50:52,211 [INFO] ThirdParty:1030 - CMSIS Pack Vendor :STMicroelectronics PDM2PCM 3.2.0
2026-04-15 18:50:52,211 [INFO] ThirdParty:1030 - CMSIS Pack Vendor :STMicroelectronics X-CUBE-WB05N 2.1.0
2026-04-15 18:50:52,211 [INFO] ThirdParty:1030 - CMSIS Pack Vendor :STMicroelectronics X-CUBE-ST67W61 1.2.0
2026-04-15 18:50:52,212 [INFO] ThirdParty:1030 - CMSIS Pack Vendor :STMicroelectronics X-CUBE-AZRTOS-H7 3.3.0
2026-04-15 18:50:52,212 [INFO] ThirdParty:1030 - CMSIS Pack Vendor :STMicroelectronics X-CUBE-NFC9 1.0.0
2026-04-15 18:50:52,212 [INFO] ThirdParty:1030 - CMSIS Pack Vendor :STMicroelectronics X-CUBE-BLE1 7.1.0
2026-04-15 18:50:52,212 [INFO] ThirdParty:1030 - CMSIS Pack Vendor :wolfSSL I-CUBE-wolfMQTT 1.19.2
2026-04-15 18:50:52,213 [INFO] ThirdParty:1030 - CMSIS Pack Vendor :STMicroelectronics USB_DEVICE 3.0.0
2026-04-15 18:50:52,213 [INFO] ThirdParty:1030 - CMSIS Pack Vendor :STMicroelectronics X-CUBE-FREERTOS 1.4.0
2026-04-15 18:50:52,213 [INFO] ThirdParty:1030 - CMSIS Pack Vendor :STMicroelectronics X-CUBE-EEPRMA1 5.2.0
2026-04-15 18:50:52,213 [INFO] ThirdParty:1030 - CMSIS Pack Vendor :STMicroelectronics X-CUBE-BLEMGR 4.1.0
2026-04-15 18:50:52,213 [INFO] ThirdParty:1030 - CMSIS Pack Vendor :STMicroelectronics X-CUBE-AZRTOS-WB 2.0.0
2026-04-15 18:50:52,213 [INFO] ThirdParty:1030 - CMSIS Pack Vendor :STMicroelectronics X-CUBE-GNSS1 7.0.1
2026-04-15 18:50:52,213 [INFO] ThirdParty:1030 - CMSIS Pack Vendor :STMicroelectronics X-CUBE-TOUCHGFX 4.25.0
2026-04-15 18:50:52,213 [INFO] ThirdParty:1030 - CMSIS Pack Vendor :STMicroelectronics X-CUBE-ST67W61 1.1.0
2026-04-15 18:50:52,213 [INFO] ThirdParty:1030 - CMSIS Pack Vendor :STMicroelectronics X-CUBE-AI 10.1.0
2026-04-15 18:50:52,213 [INFO] ThirdParty:1030 - CMSIS Pack Vendor :STMicroelectronics FP-SNS-STBOX1 2.0.0
2026-04-15 18:50:52,213 [INFO] ThirdParty:1030 - CMSIS Pack Vendor :STMicroelectronics X-CUBE-MEMS1 12.0.0
2026-04-15 18:50:52,214 [INFO] ThirdParty:1030 - CMSIS Pack Vendor :STMicroelectronics X-CUBE-STSE01 2.0.0
2026-04-15 18:50:52,214 [INFO] ThirdParty:1030 - CMSIS Pack Vendor :STMicroelectronics X-CUBE-MEMS1 11.2.0
2026-04-15 18:50:52,214 [INFO] ThirdParty:1030 - CMSIS Pack Vendor :STMicroelectronics X-CUBE-AZRTOS-G0 1.1.0
2026-04-15 18:50:52,214 [INFO] ThirdParty:1030 - CMSIS Pack Vendor :STMicroelectronics X-CUBE-SAFEA1 1.2.2
2026-04-15 18:50:52,214 [INFO] ThirdParty:1030 - CMSIS Pack Vendor :STMicroelectronics X-CUBE-NFC4 3.0.0
2026-04-15 18:50:52,214 [INFO] ThirdParty:1030 - CMSIS Pack Vendor :STMicroelectronics X-CUBE-SUBG2 5.0.0
2026-04-15 18:50:52,214 [INFO] ThirdParty:1030 - CMSIS Pack Vendor :STMicroelectronics X-CUBE-AZRTOS-H7RS 1.1.0
2026-04-15 18:50:52,214 [INFO] ThirdParty:1030 - CMSIS Pack Vendor :STMicroelectronics STM32_WPAN 1.0.0
2026-04-15 18:50:52,214 [INFO] ThirdParty:1030 - CMSIS Pack Vendor :EmbeddedOffice I-CUBE-FS-RTOS 1.0.1
2026-04-15 18:50:52,214 [INFO] ThirdParty:1030 - CMSIS Pack Vendor :STMicroelectronics lwIP 2.0.3
2026-04-15 18:50:52,214 [INFO] ThirdParty:1030 - CMSIS Pack Vendor :Cesanta I-CUBE-Mongoose 7.13.0
2026-04-15 18:50:52,214 [INFO] ThirdParty:1030 - CMSIS Pack Vendor :STMicroelectronics USB_HOST 1.0.0
2026-04-15 18:50:52,214 [INFO] ThirdParty:1030 - CMSIS Pack Vendor :STMicroelectronics X-CUBE-AZRTOS-G4 2.0.0
2026-04-15 18:50:52,214 [INFO] ThirdParty:1030 - CMSIS Pack Vendor :STMicroelectronics X-CUBE-WB05N 2.0.0
2026-04-15 18:50:52,214 [INFO] ThirdParty:1030 - CMSIS Pack Vendor :STMicroelectronics PDM2PCM 3.1.0
2026-04-15 18:50:52,214 [INFO] ThirdParty:1030 - CMSIS Pack Vendor :wolfSSL I-CUBE-wolfTPM 3.8.0
2026-04-15 18:50:52,214 [INFO] ThirdParty:1030 - CMSIS Pack Vendor :wolfSSL I-CUBE-wolfSSH 1.4.20
2026-04-15 18:50:52,214 [INFO] ThirdParty:1030 - CMSIS Pack Vendor :STMicroelectronics X-CUBE-NFC7 2.0.0
2026-04-15 18:50:52,214 [INFO] ThirdParty:1030 - CMSIS Pack Vendor :STMicroelectronics X-CUBE-TCPP 4.2.0
2026-04-15 18:50:52,214 [INFO] ThirdParty:1030 - CMSIS Pack Vendor :RealThread X-CUBE-RT-Thread_Nano 4.1.1
2026-04-15 18:50:52,215 [INFO] ThirdParty:1030 - CMSIS Pack Vendor :STMicroelectronics FP-ATR-SIGFOX1 3.2.0
2026-04-15 18:50:52,215 [INFO] ThirdParty:1030 - CMSIS Pack Vendor :STMicroelectronics X-CUBE-EEPRMA1 5.1.0
2026-04-15 18:50:52,215 [INFO] ThirdParty:1030 - CMSIS Pack Vendor :STMicroelectronics X-CUBE-FREERTOS 1.5.0
2026-04-15 18:50:52,215 [INFO] ThirdParty:1030 - CMSIS Pack Vendor :STMicroelectronics MBEDTLS 2.16.2
2026-04-15 18:50:52,215 [INFO] ThirdParty:1030 - CMSIS Pack Vendor :STMicroelectronics X-CUBE-IPS 3.1.0
2026-04-15 18:50:52,215 [INFO] ThirdParty:1030 - CMSIS Pack Vendor :STMicroelectronics X-CUBE-ALS 1.0.2
2026-04-15 18:50:52,215 [INFO] ThirdParty:1030 - CMSIS Pack Vendor :wolfSSL I-CUBE-wolfSSL 5.7.6
2026-04-15 18:50:52,215 [INFO] ThirdParty:1030 - CMSIS Pack Vendor :ITTIA_DB I-CUBE-ITTIADB 8.9.0
2026-04-15 18:50:52,215 [INFO] ThirdParty:1030 - CMSIS Pack Vendor :STMicroelectronics X-CUBE-STSE01 1.0.0
2026-04-15 18:50:52,215 [INFO] ThirdParty:1030 - CMSIS Pack Vendor :portGmbH I-Cube-SoM-uGOAL 1.1.0
2026-04-15 18:50:52,215 [INFO] ThirdParty:1030 - CMSIS Pack Vendor :STMicroelectronics X-CUBE-NFC6 3.2.0
2026-04-15 18:50:52,215 [INFO] ThirdParty:1030 - CMSIS Pack Vendor :STMicroelectronics X-CUBE-ST67W61 1.0.0
2026-04-15 18:50:52,215 [INFO] ThirdParty:1030 - CMSIS Pack Vendor :STMicroelectronics X-CUBE-AI 10.2.0
2026-04-15 18:50:52,215 [INFO] ThirdParty:1030 - CMSIS Pack Vendor :STMicroelectronics ThreadX 1.0.0
2026-04-15 18:50:52,215 [INFO] ThirdParty:1030 - CMSIS Pack Vendor :SEGGER I-CUBE-embOS 1.3.1
2026-04-15 18:50:52,215 [INFO] ThirdParty:1030 - CMSIS Pack Vendor :STMicroelectronics X-CUBE-ALGOBUILD 1.4.0
2026-04-15 18:50:52,215 [INFO] ThirdParty:1030 - CMSIS Pack Vendor :STMicroelectronics X-CUBE-MEMS1 11.3.0
2026-04-15 18:50:52,215 [INFO] ThirdParty:1030 - CMSIS Pack Vendor :STMicroelectronics X-CUBE-TOF1 3.4.3
2026-04-15 18:50:52,215 [INFO] ThirdParty:841 - exiting critical section [change project]
2026-04-15 18:50:52,396 [INFO] PinOutPanel:1589 - setPackage(No Configuration,No Configuration)
2026-04-15 18:50:52,401 [INFO] PinOutPanel:1589 - setPackage(STM32F042F6Px,TSSOP20)
2026-04-15 18:50:53,532 [INFO] UtilMem:75 - Before build in PCC Used Memory: 738891376 Bytes (1073741824)
2026-04-15 18:50:54,009 [INFO] UtilMem:75 - After build in PCC Used Memory: 782931568 Bytes (1073741824)
2026-04-15 18:50:54,054 [INFO] IPUIPlugin:80 - create IPUIPlugin
2026-04-15 18:50:54,055 [INFO] IPUIPlugin:80 - create IPUIPlugin
2026-04-15 18:50:54,056 [INFO] IPUIPlugin:80 - create IPUIPlugin
2026-04-15 18:50:54,056 [INFO] IPUIPlugin:80 - create IPUIPlugin
2026-04-15 18:50:54,056 [INFO] IPUIPlugin:80 - create IPUIPlugin
2026-04-15 18:50:54,056 [INFO] IPUIPlugin:80 - create IPUIPlugin
2026-04-15 18:50:54,056 [INFO] IPUIPlugin:80 - create IPUIPlugin
2026-04-15 18:50:54,056 [INFO] IPUIPlugin:80 - create IPUIPlugin
2026-04-15 18:50:54,056 [INFO] IPUIPlugin:80 - create IPUIPlugin
2026-04-15 18:50:54,056 [INFO] IPUIPlugin:80 - create IPUIPlugin
2026-04-15 18:50:54,057 [INFO] IPUIPlugin:80 - create IPUIPlugin
2026-04-15 18:50:54,058 [INFO] IPUIPlugin:80 - create IPUIPlugin
2026-04-15 18:50:54,058 [INFO] IPUIPlugin:80 - create IPUIPlugin
2026-04-15 18:50:54,058 [INFO] IPUIPlugin:80 - create IPUIPlugin
2026-04-15 18:50:54,058 [INFO] IPUIPlugin:80 - create IPUIPlugin
2026-04-15 18:50:54,058 [INFO] IPUIPlugin:80 - create IPUIPlugin
2026-04-15 18:50:54,058 [INFO] IPUIPlugin:80 - create IPUIPlugin
2026-04-15 18:50:54,058 [INFO] IPUIPlugin:80 - create IPUIPlugin
2026-04-15 18:50:54,058 [INFO] IPUIPlugin:80 - create IPUIPlugin
2026-04-15 18:50:54,058 [INFO] IPUIPlugin:80 - create IPUIPlugin
2026-04-15 18:50:54,058 [INFO] IPUIPlugin:80 - create IPUIPlugin
2026-04-15 18:50:54,058 [INFO] IPUIPlugin:80 - create IPUIPlugin
2026-04-15 18:50:54,058 [INFO] IPUIPlugin:80 - create IPUIPlugin
2026-04-15 18:50:54,058 [INFO] IPUIPlugin:80 - create IPUIPlugin
2026-04-15 18:50:54,058 [INFO] IPUIPlugin:80 - create IPUIPlugin
2026-04-15 18:50:54,058 [INFO] IPUIPlugin:80 - create IPUIPlugin
2026-04-15 18:50:54,058 [INFO] IPUIPlugin:80 - create IPUIPlugin
2026-04-15 18:50:54,058 [INFO] IPUIPlugin:80 - create IPUIPlugin
2026-04-15 18:50:54,058 [INFO] IPUIPlugin:80 - create IPUIPlugin
2026-04-15 18:50:54,059 [INFO] IPUIPlugin:80 - create IPUIPlugin
2026-04-15 18:50:54,125 [INFO] CADModel:165 - CPN selected for project levelSTM32F042F6P6TR
2026-04-15 18:50:54,125 [INFO] CADModel:114 - Register for checkConnection events
2026-04-15 18:50:54,177 [INFO] OpenFileManager:386 - Restore cursor
2026-04-15 18:53:15,189 [INFO] UtilMem:75 - End SaveConfig() Used Memory: 803355080 Bytes (1073741824)
2026-04-15 18:53:15,272 [INFO] UtilMem:75 - End SaveConfig() Used Memory: 813725288 Bytes (1073741824)
2026-04-15 18:53:15,484 [INFO] UtilMem:75 - End SaveConfig() Used Memory: 831142336 Bytes (1073741824)
2026-04-15 18:53:16,335 [INFO] BlockDiagram:2775 - set Specific Code input for plugin: ADC
2026-04-15 18:53:16,341 [INFO] BlockDiagram:2775 - set Specific Code input for plugin: NVIC
2026-04-15 18:53:16,343 [INFO] BlockDiagram:2775 - set Specific Code input for plugin: TIM1_8F0
2026-04-15 18:53:16,343 [INFO] BlockDiagram:2775 - set Specific Code input for plugin: SYS
2026-04-15 18:53:16,343 [INFO] BlockDiagram:2775 - set Specific Code input for plugin: GPIO
2026-04-15 18:53:16,343 [INFO] BlockDiagram:2775 - set Specific Code input for plugin: RCC
2026-04-15 18:53:16,344 [INFO] CodeGenerator:892 - code generatio: config db path: /Applications/STM32CubeIDE.app/Contents/Eclipse/plugins/com.st.stm32cube.common.mx_6.15.0.202507011659//db/
2026-04-15 18:53:16,500 [INFO] CodeEngine:265 - oldGeneratedFile, /Users/jaspertan/Desktop/SCU/MECH208/Final_Project/Code/STM32_Code/tilt_plate/MXTmpFiles/license.tmp_save
2026-04-15 18:53:16,757 [INFO] CodeEngine:289 - Generated code: /Users/jaspertan/Desktop/SCU/MECH208/Final_Project/Code/STM32_Code/tilt_plate/MXTmpFiles/license.tmp
2026-04-15 18:53:16,836 [INFO] CodeEngine:265 - oldGeneratedFile, /Users/jaspertan/Desktop/SCU/MECH208/Final_Project/Code/STM32_Code/tilt_plate/MXTmpFiles/gpio.tmp_save
2026-04-15 18:53:16,979 [INFO] CodeEngine:289 - Generated code: /Users/jaspertan/Desktop/SCU/MECH208/Final_Project/Code/STM32_Code/tilt_plate/MXTmpFiles/gpio.tmp
2026-04-15 18:53:17,107 [INFO] CodeEngine:265 - oldGeneratedFile, /Users/jaspertan/Desktop/SCU/MECH208/Final_Project/Code/STM32_Code/tilt_plate/Core/Src/stm32f0xx_it.c_save
2026-04-15 18:53:17,274 [INFO] CodeEngine:289 - Generated code: /Users/jaspertan/Desktop/SCU/MECH208/Final_Project/Code/STM32_Code/tilt_plate/Core/Src/stm32f0xx_it.c
2026-04-15 18:53:17,276 [INFO] CodeEngine:265 - oldGeneratedFile, /Users/jaspertan/Desktop/SCU/MECH208/Final_Project/Code/STM32_Code/tilt_plate/Core/Inc/stm32f0xx_it.h_save
2026-04-15 18:53:17,358 [INFO] CodeEngine:289 - Generated code: /Users/jaspertan/Desktop/SCU/MECH208/Final_Project/Code/STM32_Code/tilt_plate/Core/Inc/stm32f0xx_it.h
2026-04-15 18:53:17,366 [INFO] CodeEngine:265 - oldGeneratedFile, /Users/jaspertan/Desktop/SCU/MECH208/Final_Project/Code/STM32_Code/tilt_plate/Core/Src/stm32f0xx_hal_msp.c_save
2026-04-15 18:53:17,492 [INFO] CodeEngine:289 - Generated code: /Users/jaspertan/Desktop/SCU/MECH208/Final_Project/Code/STM32_Code/tilt_plate/Core/Src/stm32f0xx_hal_msp.c
2026-04-15 18:53:17,493 [INFO] CodeEngine:265 - oldGeneratedFile, /Users/jaspertan/Desktop/SCU/MECH208/Final_Project/Code/STM32_Code/tilt_plate/MXTmpFiles/system.tmp_save
2026-04-15 18:53:17,554 [INFO] CodeEngine:289 - Generated code: /Users/jaspertan/Desktop/SCU/MECH208/Final_Project/Code/STM32_Code/tilt_plate/MXTmpFiles/system.tmp
2026-04-15 18:53:17,559 [INFO] CodeEngine:321 - oldGeneratedFile, /Users/jaspertan/Desktop/SCU/MECH208/Final_Project/Code/STM32_Code/tilt_plate/Core/Inc/stm32f0xx_hal_conf.h_save
2026-04-15 18:53:17,626 [INFO] CodeEngine:345 - Generated code: /Users/jaspertan/Desktop/SCU/MECH208/Final_Project/Code/STM32_Code/tilt_plate/Core/Inc/stm32f0xx_hal_conf.h
2026-04-15 18:53:17,655 [INFO] ApiDbMcu:532 - Load IP Config File for ADC
2026-04-15 18:53:17,662 [INFO] ApiDbMcu:532 - Load IP Config File for TIM16
2026-04-15 18:53:17,663 [INFO] ApiDbMcu:532 - Load IP Config File for RCC
2026-04-15 18:53:17,666 [WARN] IPConfigManager:3811 - IP not found : TIM
2026-04-15 18:53:17,666 [WARN] CodeGenerator:4259 - IP not found : null
2026-04-15 18:53:17,669 [INFO] CodeEngine:265 - oldGeneratedFile, /Users/jaspertan/Desktop/SCU/MECH208/Final_Project/Code/STM32_Code/tilt_plate/Core/Inc/main.h_save
2026-04-15 18:53:17,797 [INFO] CodeEngine:289 - Generated code: /Users/jaspertan/Desktop/SCU/MECH208/Final_Project/Code/STM32_Code/tilt_plate/Core/Inc/main.h
2026-04-15 18:53:17,799 [INFO] CodeEngine:265 - oldGeneratedFile, /Users/jaspertan/Desktop/SCU/MECH208/Final_Project/Code/STM32_Code/tilt_plate/Core/Src/main.c_save
2026-04-15 18:53:17,903 [INFO] CodeEngine:289 - Generated code: /Users/jaspertan/Desktop/SCU/MECH208/Final_Project/Code/STM32_Code/tilt_plate/Core/Src/main.c
2026-04-15 18:53:18,057 [INFO] ProjectBuilder:3606 - Time for Copy HAL[1] : 53mS.
2026-04-15 18:53:18,059 [INFO] ProjectBuilder:5216 - Project Generator version: 4.7.0-B52
2026-04-15 18:53:18,123 [INFO] ConfigFileManager:1595 - The Die is : DIE445
2026-04-15 18:53:18,129 [INFO] ApiDbMcu:532 - Load IP Config File for FATFS
2026-04-15 18:53:18,136 [INFO] ApiDbMcu:532 - Load IP Config File for FREERTOS
2026-04-15 18:53:18,142 [INFO] ApiDbMcu:532 - Load IP Config File for TOUCHSENSING
2026-04-15 18:53:18,147 [INFO] ApiDbMcu:532 - Load IP Config File for USB_DEVICE
2026-04-15 18:53:20,845 [INFO] ProjectBuilder:5496 - Time for Generating toolchain IDE Files: 2778mS.
2026-04-15 18:53:20,854 [INFO] ProjectBuilder:3463 - Time for Copy CMSIS : 1mS.
2026-04-15 18:53:20,858 [INFO] ProjectBuilder:3463 - Time for Copy CMSIS : 0mS.
2026-04-15 20:17:56,124 [INFO] UtilMem:75 - End SaveConfig() Used Memory: 725443992 Bytes (1073741824)
2026-04-15 20:17:56,510 [INFO] UtilMem:75 - End SaveConfig() Used Memory: 736286408 Bytes (1073741824)
2026-04-15 20:17:57,051 [INFO] UtilMem:75 - End SaveConfig() Used Memory: 782315216 Bytes (1073741824)
2026-04-15 20:17:57,609 [INFO] BlockDiagram:2775 - set Specific Code input for plugin: ADC
2026-04-15 20:17:57,610 [INFO] BlockDiagram:2775 - set Specific Code input for plugin: NVIC
2026-04-15 20:17:57,610 [INFO] BlockDiagram:2775 - set Specific Code input for plugin: USART
2026-04-15 20:17:57,611 [INFO] BlockDiagram:2775 - set Specific Code input for plugin: TIM1_8F0
2026-04-15 20:17:57,611 [INFO] BlockDiagram:2775 - set Specific Code input for plugin: SYS
2026-04-15 20:17:57,612 [INFO] BlockDiagram:2775 - set Specific Code input for plugin: GPIO
2026-04-15 20:17:57,612 [INFO] BlockDiagram:2775 - set Specific Code input for plugin: RCC
2026-04-15 20:17:57,612 [INFO] CodeGenerator:892 - code generatio: config db path: /Applications/STM32CubeIDE.app/Contents/Eclipse/plugins/com.st.stm32cube.common.mx_6.15.0.202507011659//db/
2026-04-15 20:17:57,762 [INFO] CodeEngine:265 - oldGeneratedFile, /Users/jaspertan/Desktop/SCU/MECH208/Final_Project/Code/STM32_Code/tilt_plate/MXTmpFiles/license.tmp_save
2026-04-15 20:17:58,053 [INFO] CodeEngine:289 - Generated code: /Users/jaspertan/Desktop/SCU/MECH208/Final_Project/Code/STM32_Code/tilt_plate/MXTmpFiles/license.tmp
2026-04-15 20:17:58,111 [INFO] CodeEngine:265 - oldGeneratedFile, /Users/jaspertan/Desktop/SCU/MECH208/Final_Project/Code/STM32_Code/tilt_plate/MXTmpFiles/gpio.tmp_save
2026-04-15 20:17:58,276 [INFO] CodeEngine:289 - Generated code: /Users/jaspertan/Desktop/SCU/MECH208/Final_Project/Code/STM32_Code/tilt_plate/MXTmpFiles/gpio.tmp
2026-04-15 20:17:58,506 [INFO] CodeEngine:265 - oldGeneratedFile, /Users/jaspertan/Desktop/SCU/MECH208/Final_Project/Code/STM32_Code/tilt_plate/Core/Src/stm32f0xx_it.c_save
2026-04-15 20:17:58,710 [INFO] CodeEngine:289 - Generated code: /Users/jaspertan/Desktop/SCU/MECH208/Final_Project/Code/STM32_Code/tilt_plate/Core/Src/stm32f0xx_it.c
2026-04-15 20:17:58,713 [INFO] CodeEngine:265 - oldGeneratedFile, /Users/jaspertan/Desktop/SCU/MECH208/Final_Project/Code/STM32_Code/tilt_plate/Core/Inc/stm32f0xx_it.h_save
2026-04-15 20:17:58,779 [INFO] CodeEngine:289 - Generated code: /Users/jaspertan/Desktop/SCU/MECH208/Final_Project/Code/STM32_Code/tilt_plate/Core/Inc/stm32f0xx_it.h
2026-04-15 20:17:58,789 [INFO] CodeEngine:265 - oldGeneratedFile, /Users/jaspertan/Desktop/SCU/MECH208/Final_Project/Code/STM32_Code/tilt_plate/Core/Src/stm32f0xx_hal_msp.c_save
2026-04-15 20:17:59,032 [INFO] CodeEngine:289 - Generated code: /Users/jaspertan/Desktop/SCU/MECH208/Final_Project/Code/STM32_Code/tilt_plate/Core/Src/stm32f0xx_hal_msp.c
2026-04-15 20:17:59,035 [INFO] CodeEngine:265 - oldGeneratedFile, /Users/jaspertan/Desktop/SCU/MECH208/Final_Project/Code/STM32_Code/tilt_plate/MXTmpFiles/system.tmp_save
2026-04-15 20:17:59,109 [INFO] CodeEngine:289 - Generated code: /Users/jaspertan/Desktop/SCU/MECH208/Final_Project/Code/STM32_Code/tilt_plate/MXTmpFiles/system.tmp
2026-04-15 20:17:59,124 [INFO] CodeEngine:321 - oldGeneratedFile, /Users/jaspertan/Desktop/SCU/MECH208/Final_Project/Code/STM32_Code/tilt_plate/Core/Inc/stm32f0xx_hal_conf.h_save
2026-04-15 20:17:59,198 [INFO] CodeEngine:345 - Generated code: /Users/jaspertan/Desktop/SCU/MECH208/Final_Project/Code/STM32_Code/tilt_plate/Core/Inc/stm32f0xx_hal_conf.h
2026-04-15 20:17:59,277 [INFO] ApiDbMcu:532 - Load IP Config File for USART2
2026-04-15 20:17:59,279 [WARN] IPConfigManager:3811 - IP not found : TIM
2026-04-15 20:17:59,279 [WARN] CodeGenerator:4259 - IP not found : null
2026-04-15 20:17:59,283 [INFO] CodeEngine:265 - oldGeneratedFile, /Users/jaspertan/Desktop/SCU/MECH208/Final_Project/Code/STM32_Code/tilt_plate/Core/Inc/main.h_save
2026-04-15 20:17:59,378 [INFO] CodeEngine:289 - Generated code: /Users/jaspertan/Desktop/SCU/MECH208/Final_Project/Code/STM32_Code/tilt_plate/Core/Inc/main.h
2026-04-15 20:17:59,383 [INFO] CodeEngine:265 - oldGeneratedFile, /Users/jaspertan/Desktop/SCU/MECH208/Final_Project/Code/STM32_Code/tilt_plate/Core/Src/main.c_save
2026-04-15 20:17:59,500 [INFO] CodeEngine:289 - Generated code: /Users/jaspertan/Desktop/SCU/MECH208/Final_Project/Code/STM32_Code/tilt_plate/Core/Src/main.c
2026-04-15 20:18:00,000 [INFO] ProjectBuilder:3606 - Time for Copy HAL[1] : 64mS.
2026-04-15 20:18:00,016 [INFO] ProjectBuilder:5216 - Project Generator version: 4.7.0-B52
2026-04-15 20:18:00,183 [INFO] ConfigFileManager:1595 - The Die is : DIE445
2026-04-15 20:18:02,900 [INFO] ProjectBuilder:5496 - Time for Generating toolchain IDE Files: 2885mS.
2026-04-15 20:18:02,901 [INFO] ProjectBuilder:3463 - Time for Copy CMSIS : 1mS.
2026-04-15 20:18:02,902 [INFO] ProjectBuilder:3463 - Time for Copy CMSIS : 0mS.
