2026-04-08 01:39:19,188 [INFO] WebApp:194 - Connection lost
2026-04-08 01:40:10,886 [INFO] WebAppUi:1100 - Web application message: Reloading CAD
2026-04-08 01:40:12,096 [INFO] WebApp:191 - Connection restablished
2026-04-08 13:11:37,839 [INFO] WebApp:194 - Connection lost
2026-04-08 13:11:39,302 [INFO] WebApp:191 - Connection restablished
2026-04-08 13:26:06,599 [INFO] WebApp:194 - Connection lost
2026-04-08 13:26:07,349 [INFO] WebApp:191 - Connection restablished
2026-04-08 13:26:24,715 [INFO] WebApp:194 - Connection lost
2026-04-08 13:26:25,145 [INFO] WebApp:191 - Connection restablished
2026-04-08 13:26:42,790 [INFO] WebApp:194 - Connection lost
2026-04-08 13:26:43,164 [INFO] WebApp:191 - Connection restablished
2026-04-08 13:34:10,535 [INFO] WebApp:194 - Connection lost
2026-04-08 13:34:10,976 [INFO] WebApp:191 - Connection restablished
2026-04-08 14:13:31,588 [INFO] MainUpdater:2872 - connection check result : 10
2026-04-08 14:13:31,590 [INFO] MainUpdater:2872 - connection check result : 10
2026-04-08 14:13:32,031 [INFO] MicroXplorer:468 - Change Database Path : 
2026-04-08 14:13:32,031 [INFO] MicroXplorer:498 - Change Database Version : DB.6.0.150
2026-04-08 14:13:32,126 [ERROR] ProjectManagerView:395 - 
java.lang.NullPointerException: Cannot invoke "javax.swing.JTextField.getText()" because the return value of "java.util.List.get(int)" is null
	at com.st.microxplorer.plugins.projectmanager.gui.ProjectChoiceTab$9.caretUpdate(ProjectChoiceTab.java:2706) ~[filemanager.jar:?]
	at javax.swing.text.JTextComponent.fireCaretUpdate(JTextComponent.java:408) ~[?:?]
	at javax.swing.text.JTextComponent$MutableCaretEvent.fire(JTextComponent.java:4484) ~[?:?]
	at javax.swing.text.JTextComponent$MutableCaretEvent.stateChanged(JTextComponent.java:4506) ~[?:?]
	at javax.swing.text.DefaultCaret.fireStateChanged(DefaultCaret.java:857) ~[?:?]
	at javax.swing.text.DefaultCaret.changeCaretPosition(DefaultCaret.java:1343) ~[?:?]
	at javax.swing.text.DefaultCaret.handleSetDot(DefaultCaret.java:1242) ~[?:?]
	at javax.swing.text.DefaultCaret.setDot(DefaultCaret.java:1223) ~[?:?]
	at javax.swing.text.DefaultCaret$Handler.insertUpdate(DefaultCaret.java:1819) ~[?:?]
	at javax.swing.text.AbstractDocument.fireInsertUpdate(AbstractDocument.java:227) ~[?:?]
	at javax.swing.text.AbstractDocument.handleInsertString(AbstractDocument.java:781) ~[?:?]
	at javax.swing.text.AbstractDocument.insertString(AbstractDocument.java:740) ~[?:?]
	at javax.swing.text.PlainDocument.insertString(PlainDocument.java:131) ~[?:?]
	at javax.swing.text.AbstractDocument.replace(AbstractDocument.java:699) ~[?:?]
	at javax.swing.text.JTextComponent.setText(JTextComponent.java:1725) ~[?:?]
	at com.st.microxplorer.plugins.projectmanager.gui.ProjectChoiceTab.createHeapStackFields(ProjectChoiceTab.java:993) ~[filemanager.jar:?]
	at com.st.microxplorer.plugins.projectmanager.gui.ProjectChoiceTab.buildLinkSettingsPanel(ProjectChoiceTab.java:3813) ~[filemanager.jar:?]
	at com.st.microxplorer.plugins.projectmanager.gui.ProjectChoiceTab.defineWindowsFields(ProjectChoiceTab.java:1987) ~[filemanager.jar:?]
	at com.st.microxplorer.plugins.projectmanager.gui.ProjectChoiceTab.updateSettings(ProjectChoiceTab.java:558) ~[filemanager.jar:?]
	at com.st.microxplorer.plugins.projectmanager.gui.ProjectSettingsPanel.UpdateDialog(ProjectSettingsPanel.java:247) ~[filemanager.jar:?]
	at com.st.microxplorer.plugins.projectmanager.ProjectManagerView.propertyChange(ProjectManagerView.java:392) ~[filemanager.jar:?]
	at java.beans.PropertyChangeSupport.fire(PropertyChangeSupport.java:343) ~[?:?]
	at java.beans.PropertyChangeSupport.firePropertyChange(PropertyChangeSupport.java:335) ~[?:?]
	at java.beans.PropertyChangeSupport.firePropertyChange(PropertyChangeSupport.java:268) ~[?:?]
	at com.st.microxplorer.util.MXPropertyChangeSupport.firePropertyChange(MXPropertyChangeSupport.java:54) ~[STM32CubeMX.jar:?]
	at com.st.microxplorer.mxsystem.MxSystem.closeConfig(MxSystem.java:899) ~[STM32CubeMX.jar:?]
	at com.st.microxplorer.maingui.MainPanel.closeConfig(MainPanel.java:792) ~[STM32CubeMX.jar:?]
	at com.st.microxplorer.plugins.filemanager.engine.OpenFileManager.loadConfigurationFile(OpenFileManager.java:288) ~[filemanager.jar:?]
	at com.st.microxplorer.plugins.filemanager.engine.MainFileManager.userLoadConfig(MainFileManager.java:364) ~[filemanager.jar:?]
	at com.st.microxplorer.plugins.filemanager.engine.MainFileManager.userLoadConfig(MainFileManager.java:342) ~[filemanager.jar:?]
	at com.st.microxplorer.plugins.filemanager.FileManagerView.getSpecificTask(FileManagerView.java:264) ~[filemanager.jar:?]
	at com.st.stm32cube.common.mx.editor.CubeMxEditor.getMxTabbedPaneInstance(CubeMxEditor.java:1198) ~[com.st.stm32cube.common.mx_6.15.0.202507011659/:?]
	at com.st.stm32cube.common.mx.editor.CubeMxEditor$12$1.createSwingComponent(CubeMxEditor.java:1068) ~[com.st.stm32cube.common.mx_6.15.0.202507011659/:?]
	at com.st.stm32cube.common.mx.oss.core.awtswtbridge.EmbeddedSwingComposite.doComponentCreation(EmbeddedSwingComposite.java:492) ~[com.st.stm32cube.common.mx.oss_6.15.0.202507011659/:?]
	at com.st.stm32cube.common.mx.oss.core.awtswtbridge.EmbeddedSwingComposite$4.run(EmbeddedSwingComposite.java:291) ~[com.st.stm32cube.common.mx.oss_6.15.0.202507011659/:?]
	at com.st.stm32cube.common.mx.oss.core.awtswtbridge.AwtEnvironment$2.run(AwtEnvironment.java:166) ~[com.st.stm32cube.common.mx.oss_6.15.0.202507011659/:?]
	at java.awt.event.InvocationEvent.dispatch(InvocationEvent.java:318) ~[?:?]
	at java.awt.EventQueue.dispatchEventImpl(EventQueue.java:773) ~[?:?]
	at java.awt.EventQueue$4.run(EventQueue.java:720) ~[?:?]
	at java.awt.EventQueue$4.run(EventQueue.java:714) ~[?:?]
	at java.security.AccessController.doPrivileged(AccessController.java:400) ~[?:?]
	at java.security.ProtectionDomain$JavaSecurityAccessImpl.doIntersectionPrivilege(ProtectionDomain.java:87) ~[?:?]
	at java.awt.EventQueue.dispatchEvent(EventQueue.java:742) ~[?:?]
	at java.awt.EventDispatchThread.pumpOneEventForFilters(EventDispatchThread.java:203) ~[?:?]
	at java.awt.EventDispatchThread.pumpEventsForFilter(EventDispatchThread.java:124) ~[?:?]
	at java.awt.EventDispatchThread.pumpEventsForHierarchy(EventDispatchThread.java:113) ~[?:?]
	at java.awt.EventDispatchThread.pumpEvents(EventDispatchThread.java:109) ~[?:?]
	at java.awt.EventDispatchThread.pumpEvents(EventDispatchThread.java:101) ~[?:?]
	at java.awt.EventDispatchThread.run(EventDispatchThread.java:90) ~[?:?]
2026-04-08 14:13:32,142 [WARN] ThirdParty:871 - waiting for thirdparty lock release [close project]
2026-04-08 14:13:32,142 [INFO] ThirdParty:873 - entering critical section [close project]
2026-04-08 14:13:32,142 [INFO] ThirdParty:883 - exiting critical section [close project]
2026-04-08 14:13:32,148 [INFO] PinOutPanel:1589 - setPackage(No Configuration,No Configuration)
2026-04-08 14:13:32,173 [INFO] UtilMem:75 - Begin LoadConfig() Used Memory: 660753192 Bytes (1073741824)
2026-04-08 14:13:32,177 [INFO] MicroXplorer:468 - Change Database Path : 
2026-04-08 14:13:32,177 [INFO] MicroXplorer:498 - Change Database Version : DB.6.0.150
2026-04-08 14:13:32,177 [INFO] OpenFileManager:355 - Change cursor
2026-04-08 14:13:32,281 [INFO] RulesReader:64 - Compatibility file has been processed (317 Rules)
2026-04-08 14:13:32,307 [INFO] Mcu:2029 - Initializing MCU STM32F042F6Px STM32F042F6Px STM32F042F6P6TR
2026-04-08 14:13:33,098 [INFO] Context:786 - Trying to add GPIOservice into a context  which must be forbidden
2026-04-08 14:13:33,748 [INFO] ImportTextPane:234 - (OptionalMessage_ERROR) Pin14 (VP_RIF_VS_RIF1) cannot be retrieved for this MCU
2026-04-08 14:13:33,831 [INFO] RtosManager:558 - Registered RTOS mode: class=CMSIS, group=RTOS, mode=CMSIS_V1, owner=FREERTOS
2026-04-08 14:13:33,832 [INFO] RtosManager:558 - Registered RTOS mode: class=CMSIS, group=RTOS2, mode=CMSIS_V2, owner=FREERTOS
2026-04-08 14:13:33,832 [INFO] RtosManager:558 - Registered RTOS mode: class=RTOS, group=Core, mode=CMSIS_V1, owner=FREERTOS
2026-04-08 14:13:33,832 [INFO] RtosManager:558 - Registered RTOS mode: class=RTOS, group=Core, mode=CMSIS_V2, owner=FREERTOS
2026-04-08 14:13:33,832 [WARN] ModelIntegratedComponent:184 - Missing modes for component STMicroelectronics:FreeRTOS:0.0.1:STMicroelectronics:RTOS:FreeRTOS:Core:::10.2.0:
2026-04-08 14:13:33,846 [WARN] ModelIntegratedComponent:63 - No mode defined for component null
2026-04-08 14:13:33,847 [WARN] ModelIntegratedComponent:63 - No mode defined for component null
2026-04-08 14:13:33,847 [WARN] ModelIntegratedComponent:63 - No mode defined for component null
2026-04-08 14:13:33,847 [WARN] ModelIntegratedComponent:63 - No mode defined for component null
2026-04-08 14:13:33,847 [WARN] ModelIntegratedComponent:63 - No mode defined for component null
2026-04-08 14:13:33,847 [WARN] ModelIntegratedComponent:63 - No mode defined for component null
2026-04-08 14:13:33,847 [WARN] ModelIntegratedComponent:63 - No mode defined for component null
2026-04-08 14:13:33,847 [WARN] ModelIntegratedComponent:63 - No mode defined for component null
2026-04-08 14:13:33,847 [WARN] ModelIntegratedComponent:63 - No mode defined for component null
2026-04-08 14:13:33,847 [WARN] ModelIntegratedComponent:63 - No mode defined for component null
2026-04-08 14:13:33,847 [WARN] ModelIntegratedComponent:63 - No mode defined for component null
2026-04-08 14:13:33,847 [WARN] ModelIntegratedComponent:63 - No mode defined for component null
2026-04-08 14:13:33,847 [WARN] ModelIntegratedComponent:63 - No mode defined for component null
2026-04-08 14:13:33,847 [WARN] ModelIntegratedComponent:63 - No mode defined for component null
2026-04-08 14:13:33,847 [WARN] ModelIntegratedComponent:63 - No mode defined for component null
2026-04-08 14:13:33,847 [WARN] ModelIntegratedComponent:63 - No mode defined for component null
2026-04-08 14:13:33,848 [WARN] ModelIntegratedComponent:63 - No mode defined for component null
2026-04-08 14:13:33,849 [WARN] ModelIntegratedComponent:63 - No mode defined for component null
2026-04-08 14:13:33,849 [WARN] ModelIntegratedComponent:63 - No mode defined for component null
2026-04-08 14:13:33,849 [WARN] ModelIntegratedComponent:63 - No mode defined for component null
2026-04-08 14:13:33,849 [WARN] ModelIntegratedComponent:63 - No mode defined for component null
2026-04-08 14:13:33,849 [WARN] ModelIntegratedComponent:63 - No mode defined for component null
2026-04-08 14:13:33,849 [WARN] ModelIntegratedComponent:63 - No mode defined for component null
2026-04-08 14:13:33,849 [WARN] ModelIntegratedComponent:63 - No mode defined for component null
2026-04-08 14:13:33,849 [WARN] ModelIntegratedComponent:63 - No mode defined for component null
2026-04-08 14:13:33,849 [WARN] ModelIntegratedComponent:63 - No mode defined for component null
2026-04-08 14:13:33,849 [WARN] ModelIntegratedComponent:63 - No mode defined for component null
2026-04-08 14:13:33,849 [WARN] ModelIntegratedComponent:63 - No mode defined for component null
2026-04-08 14:13:33,849 [WARN] ModelIntegratedComponent:63 - No mode defined for component null
2026-04-08 14:13:33,849 [WARN] ModelIntegratedComponent:63 - No mode defined for component null
2026-04-08 14:13:33,849 [WARN] ModelIntegratedComponent:63 - No mode defined for component null
2026-04-08 14:13:33,849 [WARN] ModelIntegratedComponent:63 - No mode defined for component null
2026-04-08 14:13:33,849 [WARN] ModelIntegratedComponent:63 - No mode defined for component null
2026-04-08 14:13:33,850 [WARN] ModelIntegratedComponent:63 - No mode defined for component null
2026-04-08 14:13:33,851 [WARN] ModelIntegratedComponent:63 - No mode defined for component null
2026-04-08 14:13:33,852 [WARN] ModelPack:524 - Component already loaded: STMicroelectronics:HAL Drivers:0.0.0:STMicroelectronics:Device:STMicro_Driver:XSPI:HAL::0.0.1:HAL_XSPI
2026-04-08 14:13:34,019 [INFO] ThirdPartyModel:298 - Start build external matchings
2026-04-08 14:13:34,465 [INFO] ThirdPartyModel:316 - End build external matchings
2026-04-08 14:13:34,661 [INFO] UtilMem:75 - End LoadConfig() Used Memory: 919629456 Bytes (1073741824)
2026-04-08 14:13:34,835 [WARN] ThirdParty:833 - waiting for thirdparty lock release [change project]
2026-04-08 14:13:34,841 [INFO] ThirdParty:835 - entering critical section [change project]
2026-04-08 14:13:34,841 [INFO] ThirdParty:1030 - CMSIS Pack Vendor :STMicroelectronics X-CUBE-AZRTOS-H7 3.5.0
2026-04-08 14:13:34,842 [INFO] ThirdParty:1030 - CMSIS Pack Vendor :STMicroelectronics X-CUBE-PM33A1 1.0.0
2026-04-08 14:13:34,842 [INFO] ThirdParty:1030 - CMSIS Pack Vendor :STMicroelectronics USBPD 4.1
2026-04-08 14:13:34,842 [INFO] ThirdParty:1030 - CMSIS Pack Vendor :STMicroelectronics USB_HOST 2.0.0
2026-04-08 14:13:34,842 [INFO] ThirdParty:1030 - CMSIS Pack Vendor :STMicroelectronics FP-SNS-MOTENVWB1 1.4.0
2026-04-08 14:13:34,842 [INFO] ThirdParty:1030 - CMSIS Pack Vendor :STMicroelectronics X-CUBE-AZRTOS-F4 1.1.0
2026-04-08 14:13:34,842 [INFO] ThirdParty:1030 - CMSIS Pack Vendor :STMicroelectronics LIBJPEG 8.0.0
2026-04-08 14:13:34,842 [INFO] ThirdParty:1030 - CMSIS Pack Vendor :STMicroelectronics FP-ATR-ASTRA1 2.0.2
2026-04-08 14:13:34,842 [INFO] ThirdParty:1030 - CMSIS Pack Vendor :Avnet-IotConnect X-CUBE-IoTC-DA16k-PMOD 1.0.0
2026-04-08 14:13:34,842 [INFO] ThirdParty:1030 - CMSIS Pack Vendor :STMicroelectronics X-CUBE-SMBUS 2.1.0
2026-04-08 14:13:34,842 [INFO] ThirdParty:1030 - CMSIS Pack Vendor :STMicroelectronics X-CUBE-ISPU 2.1.0
2026-04-08 14:13:34,842 [INFO] ThirdParty:1030 - CMSIS Pack Vendor :STMicroelectronics X-CUBE-IPS 3.2.0
2026-04-08 14:13:34,842 [INFO] ThirdParty:1030 - CMSIS Pack Vendor :STMicroelectronics eDS-WB_DPC_TT-BIDIR 2.1.1
2026-04-08 14:13:34,842 [INFO] ThirdParty:1030 - CMSIS Pack Vendor :STMicroelectronics X-CUBE-ST60 1.0.0
2026-04-08 14:13:34,842 [INFO] ThirdParty:1030 - CMSIS Pack Vendor :STMicroelectronics X-CUBE-NFC12 1.0.0
2026-04-08 14:13:34,842 [INFO] ThirdParty:1030 - CMSIS Pack Vendor :STMicroelectronics X-CUBE-AZRTOS-F7 1.1.0
2026-04-08 14:13:34,843 [INFO] ThirdParty:1030 - CMSIS Pack Vendor :STMicroelectronics X-CUBE-AZRTOS-L5 2.0.0
2026-04-08 14:13:34,843 [INFO] ThirdParty:1030 - CMSIS Pack Vendor :STMicroelectronics USB_DEVICE 2.0.0
2026-04-08 14:13:34,843 [INFO] ThirdParty:1030 - CMSIS Pack Vendor :STMicroelectronics X-CUBE-NFC6 3.1.0
2026-04-08 14:13:34,843 [INFO] ThirdParty:1030 - CMSIS Pack Vendor :STMicroelectronics FP-SNS-MOTENV1 5.1.0
2026-04-08 14:13:34,843 [INFO] ThirdParty:1030 - CMSIS Pack Vendor :STMicroelectronics FreeRTOS 0.0.1
2026-04-08 14:13:34,843 [INFO] ThirdParty:1030 - CMSIS Pack Vendor :STMicroelectronics eDS-WB_DPC_VIENNA 1.2.0
2026-04-08 14:13:34,843 [INFO] ThirdParty:1030 - CMSIS Pack Vendor :STMicroelectronics eDS-WB_DPC_3PH2L-BIDIR 1.1.1
2026-04-08 14:13:34,843 [INFO] ThirdParty:1030 - CMSIS Pack Vendor :Infineon AIROC-Wi-Fi-Bluetooth-STM32 1.7.0
2026-04-08 14:13:34,843 [INFO] ThirdParty:1030 - CMSIS Pack Vendor :STMicroelectronics PDM2PCM 3.3.0
2026-04-08 14:13:34,844 [INFO] ThirdParty:1030 - CMSIS Pack Vendor :STMicroelectronics X-CUBE-AZRTOS-H7 3.4.0
2026-04-08 14:13:34,845 [INFO] ThirdParty:1030 - CMSIS Pack Vendor :STMicroelectronics X-CUBE-DISPLAY 3.0.0
2026-04-08 14:13:34,845 [INFO] ThirdParty:1030 - CMSIS Pack Vendor :STMicroelectronics FP-SNS-MOTENVWB1 1.5.0
2026-04-08 14:13:34,845 [INFO] ThirdParty:1030 - CMSIS Pack Vendor :STMicroelectronics X-CUBE-NFC10 1.0.0
2026-04-08 14:13:34,845 [INFO] ThirdParty:1030 - CMSIS Pack Vendor :STMicroelectronics X-CUBE-BLEMGR 4.0.0
2026-04-08 14:13:34,845 [INFO] ThirdParty:1030 - CMSIS Pack Vendor :STMicroelectronics X-CUBE-FREERTOS 1.3.1
2026-04-08 14:13:34,845 [INFO] ThirdParty:1030 - CMSIS Pack Vendor :STMicroelectronics HAL Drivers 0.0.0
2026-04-08 14:13:34,845 [INFO] ThirdParty:1030 - CMSIS Pack Vendor :STMicroelectronics X-CUBE-ST60 1.1.0
2026-04-08 14:13:34,845 [INFO] ThirdParty:1030 - CMSIS Pack Vendor :emotas I-CUBE-CANOPEN 1.3.0
2026-04-08 14:13:34,845 [INFO] ThirdParty:1030 - CMSIS Pack Vendor :STMicroelectronics X-CUBE-FREERTOS 1.3.0
2026-04-08 14:13:34,845 [INFO] ThirdParty:1030 - CMSIS Pack Vendor :STMicroelectronics X-CUBE-NFC7 1.0.1
2026-04-08 14:13:34,845 [INFO] ThirdParty:1030 - CMSIS Pack Vendor :STMicroelectronics MBEDTLS 2.14.1
2026-04-08 14:13:34,845 [INFO] ThirdParty:1030 - CMSIS Pack Vendor :STMicroelectronics X-CUBE-GNSS1 7.1.0
2026-04-08 14:13:34,845 [INFO] ThirdParty:1030 - CMSIS Pack Vendor :STMicroelectronics X-CUBE-TOUCHGFX 4.26.0
2026-04-08 14:13:34,845 [INFO] ThirdParty:1030 - CMSIS Pack Vendor :STMicroelectronics X-CUBE-TOUCHGFX 4.26.1
2026-04-08 14:13:34,845 [INFO] ThirdParty:1030 - CMSIS Pack Vendor :quantropi X-CUBE-qispace-sdk-base 2.0.0
2026-04-08 14:13:34,845 [INFO] ThirdParty:1030 - CMSIS Pack Vendor :STMicroelectronics X-CUBE-AI 10.0.0
2026-04-08 14:13:34,845 [INFO] ThirdParty:1030 - CMSIS Pack Vendor :STMicroelectronics FP-SNS-STBOX1 2.1.0
2026-04-08 14:13:34,846 [INFO] ThirdParty:1030 - CMSIS Pack Vendor :STMicroelectronics FP-SNS-STAIOTCFT 1.0.0
2026-04-08 14:13:34,846 [INFO] ThirdParty:1030 - CMSIS Pack Vendor :STMicroelectronics FP-SNS-SMARTAG2 1.2.0
2026-04-08 14:13:34,846 [INFO] ThirdParty:1030 - CMSIS Pack Vendor :STMicroelectronics FP-SNS-FLIGHT1 5.1.0
2026-04-08 14:13:34,846 [INFO] ThirdParty:1030 - CMSIS Pack Vendor :STMicroelectronics X-CUBE-AZRTOS-WL 2.0.0
2026-04-08 14:13:34,846 [INFO] ThirdParty:1030 - CMSIS Pack Vendor :STMicroelectronics X-CUBE-DPower 1.3.0
2026-04-08 14:13:34,846 [INFO] ThirdParty:1030 - CMSIS Pack Vendor :STMicroelectronics FP-SNS-MOTENV1 5.0.0
2026-04-08 14:13:34,846 [INFO] ThirdParty:1030 - CMSIS Pack Vendor :STMicroelectronics USB_DEVICE 1.0.0
2026-04-08 14:13:34,846 [INFO] ThirdParty:1030 - CMSIS Pack Vendor :STMicroelectronics X-CUBE-AZRTOS-H7RS 1.2.0
2026-04-08 14:13:34,846 [INFO] ThirdParty:1030 - CMSIS Pack Vendor :STMicroelectronics X-CUBE-AZRTOS-L4 2.0.0
2026-04-08 14:13:34,846 [INFO] ThirdParty:1030 - CMSIS Pack Vendor :STMicroelectronics ThreadX 0.0.2
2026-04-08 14:13:34,847 [INFO] ThirdParty:1030 - CMSIS Pack Vendor :WES I-CUBE-Cesium 1.3.0
2026-04-08 14:13:34,849 [INFO] ThirdParty:1030 - CMSIS Pack Vendor :STMicroelectronics lwIP 2.1.2
2026-04-08 14:13:34,849 [INFO] ThirdParty:1030 - CMSIS Pack Vendor :STMicroelectronics X-CUBE-SFXS2LP1 4.0.0
2026-04-08 14:13:34,851 [INFO] ThirdParty:1030 - CMSIS Pack Vendor :STMicroelectronics X-CUBE-BLE2 3.3.0
2026-04-08 14:13:34,852 [INFO] ThirdParty:1030 - CMSIS Pack Vendor :Avnet-IOTCONNECT X-CUBE-iotc-st67-sdk 1.0.0
2026-04-08 14:13:34,852 [INFO] ThirdParty:1030 - CMSIS Pack Vendor :STMicroelectronics PDM2PCM 3.2.0
2026-04-08 14:13:34,853 [INFO] ThirdParty:1030 - CMSIS Pack Vendor :STMicroelectronics X-CUBE-ST67W61 1.2.0
2026-04-08 14:13:34,857 [INFO] ThirdParty:1030 - CMSIS Pack Vendor :STMicroelectronics X-CUBE-AZRTOS-H7 3.3.0
2026-04-08 14:13:34,860 [INFO] ThirdParty:1030 - CMSIS Pack Vendor :STMicroelectronics X-CUBE-NFC9 1.0.0
2026-04-08 14:13:34,861 [INFO] ThirdParty:1030 - CMSIS Pack Vendor :STMicroelectronics X-CUBE-BLE1 7.1.0
2026-04-08 14:13:34,862 [INFO] ThirdParty:1030 - CMSIS Pack Vendor :wolfSSL I-CUBE-wolfMQTT 1.19.2
2026-04-08 14:13:34,862 [INFO] ThirdParty:1030 - CMSIS Pack Vendor :STMicroelectronics USB_DEVICE 3.0.0
2026-04-08 14:13:34,862 [INFO] ThirdParty:1030 - CMSIS Pack Vendor :STMicroelectronics X-CUBE-FREERTOS 1.4.0
2026-04-08 14:13:34,862 [INFO] ThirdParty:1030 - CMSIS Pack Vendor :STMicroelectronics X-CUBE-EEPRMA1 5.2.0
2026-04-08 14:13:34,862 [INFO] ThirdParty:1030 - CMSIS Pack Vendor :STMicroelectronics X-CUBE-BLEMGR 4.1.0
2026-04-08 14:13:34,862 [INFO] ThirdParty:1030 - CMSIS Pack Vendor :STMicroelectronics X-CUBE-AZRTOS-WB 2.0.0
2026-04-08 14:13:34,862 [INFO] ThirdParty:1030 - CMSIS Pack Vendor :STMicroelectronics X-CUBE-GNSS1 7.0.1
2026-04-08 14:13:34,862 [INFO] ThirdParty:1030 - CMSIS Pack Vendor :STMicroelectronics X-CUBE-TOUCHGFX 4.25.0
2026-04-08 14:13:34,862 [INFO] ThirdParty:1030 - CMSIS Pack Vendor :STMicroelectronics X-CUBE-ST67W61 1.1.0
2026-04-08 14:13:34,862 [INFO] ThirdParty:1030 - CMSIS Pack Vendor :STMicroelectronics X-CUBE-AI 10.1.0
2026-04-08 14:13:34,862 [INFO] ThirdParty:1030 - CMSIS Pack Vendor :STMicroelectronics FP-SNS-STBOX1 2.0.0
2026-04-08 14:13:34,862 [INFO] ThirdParty:1030 - CMSIS Pack Vendor :STMicroelectronics X-CUBE-MEMS1 12.0.0
2026-04-08 14:13:34,862 [INFO] ThirdParty:1030 - CMSIS Pack Vendor :STMicroelectronics X-CUBE-STSE01 2.0.0
2026-04-08 14:13:34,862 [INFO] ThirdParty:1030 - CMSIS Pack Vendor :STMicroelectronics X-CUBE-MEMS1 11.2.0
2026-04-08 14:13:34,862 [INFO] ThirdParty:1030 - CMSIS Pack Vendor :STMicroelectronics X-CUBE-AZRTOS-G0 1.1.0
2026-04-08 14:13:34,862 [INFO] ThirdParty:1030 - CMSIS Pack Vendor :STMicroelectronics X-CUBE-SAFEA1 1.2.2
2026-04-08 14:13:34,862 [INFO] ThirdParty:1030 - CMSIS Pack Vendor :STMicroelectronics X-CUBE-NFC4 3.0.0
2026-04-08 14:13:34,862 [INFO] ThirdParty:1030 - CMSIS Pack Vendor :STMicroelectronics X-CUBE-SUBG2 5.0.0
2026-04-08 14:13:34,862 [INFO] ThirdParty:1030 - CMSIS Pack Vendor :STMicroelectronics X-CUBE-AZRTOS-H7RS 1.1.0
2026-04-08 14:13:34,862 [INFO] ThirdParty:1030 - CMSIS Pack Vendor :STMicroelectronics STM32_WPAN 1.0.0
2026-04-08 14:13:34,862 [INFO] ThirdParty:1030 - CMSIS Pack Vendor :EmbeddedOffice I-CUBE-FS-RTOS 1.0.1
2026-04-08 14:13:34,862 [INFO] ThirdParty:1030 - CMSIS Pack Vendor :STMicroelectronics lwIP 2.0.3
2026-04-08 14:13:34,862 [INFO] ThirdParty:1030 - CMSIS Pack Vendor :Cesanta I-CUBE-Mongoose 7.13.0
2026-04-08 14:13:34,862 [INFO] ThirdParty:1030 - CMSIS Pack Vendor :STMicroelectronics USB_HOST 1.0.0
2026-04-08 14:13:34,862 [INFO] ThirdParty:1030 - CMSIS Pack Vendor :STMicroelectronics X-CUBE-AZRTOS-G4 2.0.0
2026-04-08 14:13:34,862 [INFO] ThirdParty:1030 - CMSIS Pack Vendor :STMicroelectronics X-CUBE-WB05N 2.0.0
2026-04-08 14:13:34,862 [INFO] ThirdParty:1030 - CMSIS Pack Vendor :STMicroelectronics PDM2PCM 3.1.0
2026-04-08 14:13:34,862 [INFO] ThirdParty:1030 - CMSIS Pack Vendor :wolfSSL I-CUBE-wolfTPM 3.8.0
2026-04-08 14:13:34,862 [INFO] ThirdParty:1030 - CMSIS Pack Vendor :wolfSSL I-CUBE-wolfSSH 1.4.20
2026-04-08 14:13:34,862 [INFO] ThirdParty:1030 - CMSIS Pack Vendor :STMicroelectronics X-CUBE-NFC7 2.0.0
2026-04-08 14:13:34,863 [INFO] ThirdParty:1030 - CMSIS Pack Vendor :STMicroelectronics X-CUBE-TCPP 4.2.0
2026-04-08 14:13:34,863 [INFO] ThirdParty:1030 - CMSIS Pack Vendor :RealThread X-CUBE-RT-Thread_Nano 4.1.1
2026-04-08 14:13:34,863 [INFO] ThirdParty:1030 - CMSIS Pack Vendor :STMicroelectronics FP-ATR-SIGFOX1 3.2.0
2026-04-08 14:13:34,863 [INFO] ThirdParty:1030 - CMSIS Pack Vendor :STMicroelectronics X-CUBE-EEPRMA1 5.1.0
2026-04-08 14:13:34,863 [INFO] ThirdParty:1030 - CMSIS Pack Vendor :STMicroelectronics X-CUBE-FREERTOS 1.5.0
2026-04-08 14:13:34,863 [INFO] ThirdParty:1030 - CMSIS Pack Vendor :STMicroelectronics MBEDTLS 2.16.2
2026-04-08 14:13:34,863 [INFO] ThirdParty:1030 - CMSIS Pack Vendor :STMicroelectronics X-CUBE-IPS 3.1.0
2026-04-08 14:13:34,863 [INFO] ThirdParty:1030 - CMSIS Pack Vendor :STMicroelectronics X-CUBE-ALS 1.0.2
2026-04-08 14:13:34,863 [INFO] ThirdParty:1030 - CMSIS Pack Vendor :wolfSSL I-CUBE-wolfSSL 5.7.6
2026-04-08 14:13:34,863 [INFO] ThirdParty:1030 - CMSIS Pack Vendor :ITTIA_DB I-CUBE-ITTIADB 8.9.0
2026-04-08 14:13:34,863 [INFO] ThirdParty:1030 - CMSIS Pack Vendor :STMicroelectronics X-CUBE-STSE01 1.0.0
2026-04-08 14:13:34,863 [INFO] ThirdParty:1030 - CMSIS Pack Vendor :portGmbH I-Cube-SoM-uGOAL 1.1.0
2026-04-08 14:13:34,863 [INFO] ThirdParty:1030 - CMSIS Pack Vendor :STMicroelectronics X-CUBE-NFC6 3.2.0
2026-04-08 14:13:34,863 [INFO] ThirdParty:1030 - CMSIS Pack Vendor :STMicroelectronics X-CUBE-ST67W61 1.0.0
2026-04-08 14:13:34,863 [INFO] ThirdParty:1030 - CMSIS Pack Vendor :STMicroelectronics X-CUBE-AI 10.2.0
2026-04-08 14:13:34,863 [INFO] ThirdParty:1030 - CMSIS Pack Vendor :STMicroelectronics ThreadX 1.0.0
2026-04-08 14:13:34,863 [INFO] ThirdParty:1030 - CMSIS Pack Vendor :SEGGER I-CUBE-embOS 1.3.1
2026-04-08 14:13:34,863 [INFO] ThirdParty:1030 - CMSIS Pack Vendor :STMicroelectronics X-CUBE-ALGOBUILD 1.4.0
2026-04-08 14:13:34,863 [INFO] ThirdParty:1030 - CMSIS Pack Vendor :STMicroelectronics X-CUBE-MEMS1 11.3.0
2026-04-08 14:13:34,863 [INFO] ThirdParty:1030 - CMSIS Pack Vendor :STMicroelectronics X-CUBE-TOF1 3.4.3
2026-04-08 14:13:34,865 [INFO] ThirdParty:841 - exiting critical section [change project]
2026-04-08 14:13:35,283 [INFO] PinOutPanel:1589 - setPackage(No Configuration,No Configuration)
2026-04-08 14:13:35,290 [INFO] PinOutPanel:1589 - setPackage(STM32F042F6Px,TSSOP20)
2026-04-08 14:13:35,961 [INFO] UtilMem:75 - Before build in PCC Used Memory: 1016829760 Bytes (1073741824)
2026-04-08 14:13:36,355 [INFO] UtilMem:75 - After build in PCC Used Memory: 724591664 Bytes (1073741824)
2026-04-08 14:13:36,367 [INFO] ApiDbMcu:532 - Load IP Config File for USB_DEVICE
2026-04-08 14:13:36,393 [INFO] IPUIPlugin:80 - create IPUIPlugin
2026-04-08 14:13:36,394 [INFO] IPUIPlugin:80 - create IPUIPlugin
2026-04-08 14:13:36,394 [INFO] IPUIPlugin:80 - create IPUIPlugin
2026-04-08 14:13:36,394 [INFO] IPUIPlugin:80 - create IPUIPlugin
2026-04-08 14:13:36,394 [INFO] IPUIPlugin:80 - create IPUIPlugin
2026-04-08 14:13:36,394 [INFO] IPUIPlugin:80 - create IPUIPlugin
2026-04-08 14:13:36,395 [INFO] IPUIPlugin:80 - create IPUIPlugin
2026-04-08 14:13:36,395 [INFO] IPUIPlugin:80 - create IPUIPlugin
2026-04-08 14:13:36,396 [INFO] IPUIPlugin:80 - create IPUIPlugin
2026-04-08 14:13:36,396 [INFO] IPUIPlugin:80 - create IPUIPlugin
2026-04-08 14:13:36,396 [INFO] IPUIPlugin:80 - create IPUIPlugin
2026-04-08 14:13:36,396 [INFO] IPUIPlugin:80 - create IPUIPlugin
2026-04-08 14:13:36,396 [INFO] IPUIPlugin:80 - create IPUIPlugin
2026-04-08 14:13:36,397 [INFO] IPUIPlugin:80 - create IPUIPlugin
2026-04-08 14:13:36,397 [INFO] IPUIPlugin:80 - create IPUIPlugin
2026-04-08 14:13:36,397 [INFO] IPUIPlugin:80 - create IPUIPlugin
2026-04-08 14:13:36,397 [INFO] IPUIPlugin:80 - create IPUIPlugin
2026-04-08 14:13:36,397 [INFO] IPUIPlugin:80 - create IPUIPlugin
2026-04-08 14:13:36,397 [INFO] IPUIPlugin:80 - create IPUIPlugin
2026-04-08 14:13:36,397 [INFO] IPUIPlugin:80 - create IPUIPlugin
2026-04-08 14:13:36,397 [INFO] IPUIPlugin:80 - create IPUIPlugin
2026-04-08 14:13:36,397 [INFO] IPUIPlugin:80 - create IPUIPlugin
2026-04-08 14:13:36,397 [INFO] IPUIPlugin:80 - create IPUIPlugin
2026-04-08 14:13:36,397 [INFO] IPUIPlugin:80 - create IPUIPlugin
2026-04-08 14:13:36,397 [INFO] IPUIPlugin:80 - create IPUIPlugin
2026-04-08 14:13:36,397 [INFO] IPUIPlugin:80 - create IPUIPlugin
2026-04-08 14:13:36,397 [INFO] IPUIPlugin:80 - create IPUIPlugin
2026-04-08 14:13:36,397 [INFO] IPUIPlugin:80 - create IPUIPlugin
2026-04-08 14:13:36,398 [INFO] IPUIPlugin:80 - create IPUIPlugin
2026-04-08 14:13:36,398 [INFO] IPUIPlugin:80 - create IPUIPlugin
2026-04-08 14:13:36,461 [INFO] CADModel:165 - CPN selected for project levelSTM32F042F6P6TR
2026-04-08 14:13:36,461 [INFO] CADModel:114 - Register for checkConnection events
2026-04-08 14:13:36,505 [INFO] OpenFileManager:386 - Restore cursor
2026-04-08 15:29:49,389 [INFO] UtilMem:75 - End SaveConfig() Used Memory: 667125168 Bytes (1073741824)
2026-04-08 15:29:49,866 [INFO] UtilMem:75 - End SaveConfig() Used Memory: 677743904 Bytes (1073741824)
2026-04-08 15:29:58,996 [INFO] UtilMem:75 - End SaveConfig() Used Memory: 744196640 Bytes (1073741824)
2026-04-08 15:29:59,447 [INFO] BlockDiagram:2775 - set Specific Code input for plugin: ADC
2026-04-08 15:29:59,447 [INFO] BlockDiagram:2775 - set Specific Code input for plugin: NVIC
2026-04-08 15:29:59,448 [INFO] BlockDiagram:2775 - set Specific Code input for plugin: USB_DEVICE
2026-04-08 15:29:59,448 [INFO] BlockDiagram:2775 - set Specific Code input for plugin: USB
2026-04-08 15:29:59,448 [INFO] BlockDiagram:2775 - set Specific Code input for plugin: SYS
2026-04-08 15:29:59,449 [INFO] BlockDiagram:2775 - set Specific Code input for plugin: GPIO
2026-04-08 15:29:59,449 [INFO] BlockDiagram:2775 - set Specific Code input for plugin: RCC
2026-04-08 15:29:59,450 [INFO] CodeGenerator:892 - code generatio: config db path: /Applications/STM32CubeIDE.app/Contents/Eclipse/plugins/com.st.stm32cube.common.mx_6.15.0.202507011659//db/
2026-04-08 15:29:59,734 [INFO] CodeEngine:265 - oldGeneratedFile, /Users/jaspertan/Desktop/SCU/MECH208/Final_Project/Code/STM32_Code/tilt_plate/MXTmpFiles/license.tmp_save
2026-04-08 15:30:00,028 [INFO] CodeEngine:289 - Generated code: /Users/jaspertan/Desktop/SCU/MECH208/Final_Project/Code/STM32_Code/tilt_plate/MXTmpFiles/license.tmp
2026-04-08 15:30:00,154 [INFO] CodeEngine:265 - oldGeneratedFile, /Users/jaspertan/Desktop/SCU/MECH208/Final_Project/Code/STM32_Code/tilt_plate/MXTmpFiles/gpio.tmp_save
2026-04-08 15:30:00,292 [INFO] CodeEngine:289 - Generated code: /Users/jaspertan/Desktop/SCU/MECH208/Final_Project/Code/STM32_Code/tilt_plate/MXTmpFiles/gpio.tmp
2026-04-08 15:30:00,385 [INFO] CodeEngine:265 - oldGeneratedFile, /Users/jaspertan/Desktop/SCU/MECH208/Final_Project/Code/STM32_Code/tilt_plate/MXTmpFiles/usb_vars.tmp_save
2026-04-08 15:30:00,461 [INFO] CodeEngine:289 - Generated code: /Users/jaspertan/Desktop/SCU/MECH208/Final_Project/Code/STM32_Code/tilt_plate/MXTmpFiles/usb_vars.tmp
2026-04-08 15:30:00,463 [INFO] CodeEngine:265 - oldGeneratedFile, /Users/jaspertan/Desktop/SCU/MECH208/Final_Project/Code/STM32_Code/tilt_plate/MXTmpFiles/usb_inc.tmp_save
2026-04-08 15:30:00,521 [INFO] CodeEngine:289 - Generated code: /Users/jaspertan/Desktop/SCU/MECH208/Final_Project/Code/STM32_Code/tilt_plate/MXTmpFiles/usb_inc.tmp
2026-04-08 15:30:00,524 [INFO] CodeEngine:265 - oldGeneratedFile, /Users/jaspertan/Desktop/SCU/MECH208/Final_Project/Code/STM32_Code/tilt_plate/MXTmpFiles/usb_HalInit.tmp_save
2026-04-08 15:30:00,598 [INFO] CodeEngine:289 - Generated code: /Users/jaspertan/Desktop/SCU/MECH208/Final_Project/Code/STM32_Code/tilt_plate/MXTmpFiles/usb_HalInit.tmp
2026-04-08 15:30:00,602 [INFO] CodeEngine:265 - oldGeneratedFile, /Users/jaspertan/Desktop/SCU/MECH208/Final_Project/Code/STM32_Code/tilt_plate/MXTmpFiles/usb_Msp.tmp_save
2026-04-08 15:30:00,688 [INFO] CodeEngine:289 - Generated code: /Users/jaspertan/Desktop/SCU/MECH208/Final_Project/Code/STM32_Code/tilt_plate/MXTmpFiles/usb_Msp.tmp
2026-04-08 15:30:00,906 [INFO] Middleware:1452 - No code input for Bsp Dependency
2026-04-08 15:30:00,914 [INFO] Middleware:1452 - No code input for Bsp Dependency
2026-04-08 15:30:00,921 [INFO] CodeEngine:265 - oldGeneratedFile, /Users/jaspertan/Desktop/SCU/MECH208/Final_Project/Code/STM32_Code/tilt_plate/USB_DEVICE/App/usb_device.c_save
2026-04-08 15:30:01,006 [INFO] CodeEngine:289 - Generated code: /Users/jaspertan/Desktop/SCU/MECH208/Final_Project/Code/STM32_Code/tilt_plate/USB_DEVICE/App/usb_device.c
2026-04-08 15:30:01,011 [INFO] CodeEngine:265 - oldGeneratedFile, /Users/jaspertan/Desktop/SCU/MECH208/Final_Project/Code/STM32_Code/tilt_plate/USB_DEVICE/App/usb_device.h_save
2026-04-08 15:30:01,067 [INFO] CodeEngine:289 - Generated code: /Users/jaspertan/Desktop/SCU/MECH208/Final_Project/Code/STM32_Code/tilt_plate/USB_DEVICE/App/usb_device.h
2026-04-08 15:30:01,070 [INFO] CodeEngine:265 - oldGeneratedFile, /Users/jaspertan/Desktop/SCU/MECH208/Final_Project/Code/STM32_Code/tilt_plate/USB_DEVICE/Target/usbd_conf.h_save
2026-04-08 15:30:01,127 [INFO] CodeEngine:289 - Generated code: /Users/jaspertan/Desktop/SCU/MECH208/Final_Project/Code/STM32_Code/tilt_plate/USB_DEVICE/Target/usbd_conf.h
2026-04-08 15:30:01,129 [INFO] CodeEngine:265 - oldGeneratedFile, /Users/jaspertan/Desktop/SCU/MECH208/Final_Project/Code/STM32_Code/tilt_plate/USB_DEVICE/Target/usbd_conf.c_save
2026-04-08 15:30:01,188 [INFO] CodeEngine:289 - Generated code: /Users/jaspertan/Desktop/SCU/MECH208/Final_Project/Code/STM32_Code/tilt_plate/USB_DEVICE/Target/usbd_conf.c
2026-04-08 15:30:01,192 [INFO] CodeEngine:265 - oldGeneratedFile, /Users/jaspertan/Desktop/SCU/MECH208/Final_Project/Code/STM32_Code/tilt_plate/USB_DEVICE/App/usbd_desc.h_save
2026-04-08 15:30:01,246 [INFO] CodeEngine:289 - Generated code: /Users/jaspertan/Desktop/SCU/MECH208/Final_Project/Code/STM32_Code/tilt_plate/USB_DEVICE/App/usbd_desc.h
2026-04-08 15:30:01,249 [INFO] CodeEngine:265 - oldGeneratedFile, /Users/jaspertan/Desktop/SCU/MECH208/Final_Project/Code/STM32_Code/tilt_plate/USB_DEVICE/App/usbd_desc.c_save
2026-04-08 15:30:01,309 [INFO] CodeEngine:289 - Generated code: /Users/jaspertan/Desktop/SCU/MECH208/Final_Project/Code/STM32_Code/tilt_plate/USB_DEVICE/App/usbd_desc.c
2026-04-08 15:30:01,313 [INFO] CodeEngine:265 - oldGeneratedFile, /Users/jaspertan/Desktop/SCU/MECH208/Final_Project/Code/STM32_Code/tilt_plate/USB_DEVICE/App/usbd_cdc_if.h_save
2026-04-08 15:30:01,361 [INFO] CodeEngine:289 - Generated code: /Users/jaspertan/Desktop/SCU/MECH208/Final_Project/Code/STM32_Code/tilt_plate/USB_DEVICE/App/usbd_cdc_if.h
2026-04-08 15:30:01,366 [INFO] CodeEngine:265 - oldGeneratedFile, /Users/jaspertan/Desktop/SCU/MECH208/Final_Project/Code/STM32_Code/tilt_plate/USB_DEVICE/App/usbd_cdc_if.c_save
2026-04-08 15:30:01,431 [INFO] CodeEngine:289 - Generated code: /Users/jaspertan/Desktop/SCU/MECH208/Final_Project/Code/STM32_Code/tilt_plate/USB_DEVICE/App/usbd_cdc_if.c
2026-04-08 15:30:01,439 [INFO] CodeEngine:265 - oldGeneratedFile, /Users/jaspertan/Desktop/SCU/MECH208/Final_Project/Code/STM32_Code/tilt_plate/Core/Src/stm32f0xx_it.c_save
2026-04-08 15:30:01,601 [INFO] CodeEngine:289 - Generated code: /Users/jaspertan/Desktop/SCU/MECH208/Final_Project/Code/STM32_Code/tilt_plate/Core/Src/stm32f0xx_it.c
2026-04-08 15:30:01,604 [INFO] CodeEngine:265 - oldGeneratedFile, /Users/jaspertan/Desktop/SCU/MECH208/Final_Project/Code/STM32_Code/tilt_plate/Core/Inc/stm32f0xx_it.h_save
2026-04-08 15:30:01,651 [INFO] CodeEngine:289 - Generated code: /Users/jaspertan/Desktop/SCU/MECH208/Final_Project/Code/STM32_Code/tilt_plate/Core/Inc/stm32f0xx_it.h
2026-04-08 15:30:01,663 [INFO] CodeEngine:265 - oldGeneratedFile, /Users/jaspertan/Desktop/SCU/MECH208/Final_Project/Code/STM32_Code/tilt_plate/Core/Src/stm32f0xx_hal_msp.c_save
2026-04-08 15:30:01,748 [INFO] CodeEngine:289 - Generated code: /Users/jaspertan/Desktop/SCU/MECH208/Final_Project/Code/STM32_Code/tilt_plate/Core/Src/stm32f0xx_hal_msp.c
2026-04-08 15:30:01,752 [INFO] CodeEngine:265 - oldGeneratedFile, /Users/jaspertan/Desktop/SCU/MECH208/Final_Project/Code/STM32_Code/tilt_plate/MXTmpFiles/system.tmp_save
2026-04-08 15:30:01,804 [INFO] CodeEngine:289 - Generated code: /Users/jaspertan/Desktop/SCU/MECH208/Final_Project/Code/STM32_Code/tilt_plate/MXTmpFiles/system.tmp
2026-04-08 15:30:01,817 [INFO] CodeEngine:321 - oldGeneratedFile, /Users/jaspertan/Desktop/SCU/MECH208/Final_Project/Code/STM32_Code/tilt_plate/Core/Inc/stm32f0xx_hal_conf.h_save
2026-04-08 15:30:01,871 [INFO] CodeEngine:345 - Generated code: /Users/jaspertan/Desktop/SCU/MECH208/Final_Project/Code/STM32_Code/tilt_plate/Core/Inc/stm32f0xx_hal_conf.h
2026-04-08 15:30:01,938 [INFO] ApiDbMcu:532 - Load IP Config File for ADC
2026-04-08 15:30:01,950 [INFO] ApiDbMcu:532 - Load IP Config File for RCC
2026-04-08 15:30:01,961 [INFO] CodeEngine:265 - oldGeneratedFile, /Users/jaspertan/Desktop/SCU/MECH208/Final_Project/Code/STM32_Code/tilt_plate/Core/Inc/main.h_save
2026-04-08 15:30:02,044 [INFO] CodeEngine:289 - Generated code: /Users/jaspertan/Desktop/SCU/MECH208/Final_Project/Code/STM32_Code/tilt_plate/Core/Inc/main.h
2026-04-08 15:30:02,046 [INFO] CodeEngine:265 - oldGeneratedFile, /Users/jaspertan/Desktop/SCU/MECH208/Final_Project/Code/STM32_Code/tilt_plate/Core/Src/main.c_save
2026-04-08 15:30:02,138 [INFO] CodeEngine:289 - Generated code: /Users/jaspertan/Desktop/SCU/MECH208/Final_Project/Code/STM32_Code/tilt_plate/Core/Src/main.c
2026-04-08 15:30:02,688 [INFO] ProjectBuilder:3606 - Time for Copy HAL[1] : 82mS.
2026-04-08 15:30:02,795 [INFO] ProjectBuilder:5216 - Project Generator version: 4.7.0-B52
2026-04-08 15:30:03,020 [INFO] ConfigFileManager:1595 - The Die is : DIE445
2026-04-08 15:30:03,042 [INFO] ApiDbMcu:532 - Load IP Config File for FATFS
2026-04-08 15:30:03,054 [INFO] ApiDbMcu:532 - Load IP Config File for FREERTOS
2026-04-08 15:30:03,062 [INFO] ApiDbMcu:532 - Load IP Config File for TOUCHSENSING
2026-04-08 15:30:06,786 [INFO] ProjectBuilder:5496 - Time for Generating toolchain IDE Files: 3984mS.
2026-04-08 15:30:06,796 [INFO] ProjectBuilder:3463 - Time for Copy CMSIS : 1mS.
2026-04-08 15:30:06,801 [INFO] ProjectBuilder:3463 - Time for Copy CMSIS : 1mS.
2026-04-08 15:30:26,759 [INFO] DmaTabbedPanel:205 - Cannot restore the selected Tab for DMA
2026-04-08 15:30:29,588 [INFO] Gpio:278 - dependency for GPIO [ADC, USB]
2026-04-08 15:31:06,185 [INFO] Gpio:278 - dependency for GPIO [ADC, USB]
2026-04-08 15:31:06,479 [INFO] Gpio:278 - dependency for GPIO [ADC, USB]
2026-04-08 15:31:21,895 [INFO] Gpio:278 - dependency for GPIO [ADC, USB]
2026-04-08 15:31:22,150 [INFO] Gpio:278 - dependency for GPIO [ADC, USB]
2026-04-08 15:31:32,676 [INFO] Gpio:278 - dependency for GPIO [ADC, USB]
2026-04-08 15:31:32,925 [INFO] Gpio:278 - dependency for GPIO [ADC, USB]
2026-04-08 15:31:43,195 [INFO] UtilMem:75 - End SaveConfig() Used Memory: 814152848 Bytes (1073741824)
2026-04-08 15:31:43,568 [INFO] UtilMem:75 - End SaveConfig() Used Memory: 824898312 Bytes (1073741824)
2026-04-08 15:31:46,735 [INFO] UtilMem:75 - End SaveConfig() Used Memory: 938333256 Bytes (1073741824)
2026-04-08 15:31:47,643 [INFO] BlockDiagram:2775 - set Specific Code input for plugin: ADC
2026-04-08 15:31:47,654 [INFO] BlockDiagram:2775 - set Specific Code input for plugin: NVIC
2026-04-08 15:31:47,655 [INFO] BlockDiagram:2775 - set Specific Code input for plugin: USB_DEVICE
2026-04-08 15:31:47,655 [INFO] BlockDiagram:2775 - set Specific Code input for plugin: USB
2026-04-08 15:31:47,656 [INFO] BlockDiagram:2775 - set Specific Code input for plugin: SYS
2026-04-08 15:31:47,656 [INFO] BlockDiagram:2775 - set Specific Code input for plugin: GPIO
2026-04-08 15:31:47,656 [INFO] BlockDiagram:2775 - set Specific Code input for plugin: RCC
2026-04-08 15:31:47,657 [INFO] CodeGenerator:892 - code generatio: config db path: /Applications/STM32CubeIDE.app/Contents/Eclipse/plugins/com.st.stm32cube.common.mx_6.15.0.202507011659//db/
2026-04-08 15:31:47,775 [INFO] CodeEngine:265 - oldGeneratedFile, /Users/jaspertan/Desktop/SCU/MECH208/Final_Project/Code/STM32_Code/tilt_plate/MXTmpFiles/license.tmp_save
2026-04-08 15:31:47,993 [INFO] CodeEngine:289 - Generated code: /Users/jaspertan/Desktop/SCU/MECH208/Final_Project/Code/STM32_Code/tilt_plate/MXTmpFiles/license.tmp
2026-04-08 15:31:48,044 [INFO] CodeEngine:265 - oldGeneratedFile, /Users/jaspertan/Desktop/SCU/MECH208/Final_Project/Code/STM32_Code/tilt_plate/MXTmpFiles/gpio.tmp_save
2026-04-08 15:31:48,158 [INFO] CodeEngine:289 - Generated code: /Users/jaspertan/Desktop/SCU/MECH208/Final_Project/Code/STM32_Code/tilt_plate/MXTmpFiles/gpio.tmp
2026-04-08 15:31:48,238 [INFO] CodeEngine:265 - oldGeneratedFile, /Users/jaspertan/Desktop/SCU/MECH208/Final_Project/Code/STM32_Code/tilt_plate/MXTmpFiles/usb_vars.tmp_save
2026-04-08 15:31:48,316 [INFO] CodeEngine:289 - Generated code: /Users/jaspertan/Desktop/SCU/MECH208/Final_Project/Code/STM32_Code/tilt_plate/MXTmpFiles/usb_vars.tmp
2026-04-08 15:31:48,318 [INFO] CodeEngine:265 - oldGeneratedFile, /Users/jaspertan/Desktop/SCU/MECH208/Final_Project/Code/STM32_Code/tilt_plate/MXTmpFiles/usb_inc.tmp_save
2026-04-08 15:31:48,381 [INFO] CodeEngine:289 - Generated code: /Users/jaspertan/Desktop/SCU/MECH208/Final_Project/Code/STM32_Code/tilt_plate/MXTmpFiles/usb_inc.tmp
2026-04-08 15:31:48,388 [INFO] CodeEngine:265 - oldGeneratedFile, /Users/jaspertan/Desktop/SCU/MECH208/Final_Project/Code/STM32_Code/tilt_plate/MXTmpFiles/usb_HalInit.tmp_save
2026-04-08 15:31:48,472 [INFO] CodeEngine:289 - Generated code: /Users/jaspertan/Desktop/SCU/MECH208/Final_Project/Code/STM32_Code/tilt_plate/MXTmpFiles/usb_HalInit.tmp
2026-04-08 15:31:48,477 [INFO] CodeEngine:265 - oldGeneratedFile, /Users/jaspertan/Desktop/SCU/MECH208/Final_Project/Code/STM32_Code/tilt_plate/MXTmpFiles/usb_Msp.tmp_save
2026-04-08 15:31:48,579 [INFO] CodeEngine:289 - Generated code: /Users/jaspertan/Desktop/SCU/MECH208/Final_Project/Code/STM32_Code/tilt_plate/MXTmpFiles/usb_Msp.tmp
2026-04-08 15:31:48,691 [INFO] Middleware:1452 - No code input for Bsp Dependency
2026-04-08 15:31:48,700 [INFO] Middleware:1452 - No code input for Bsp Dependency
2026-04-08 15:31:48,706 [INFO] CodeEngine:265 - oldGeneratedFile, /Users/jaspertan/Desktop/SCU/MECH208/Final_Project/Code/STM32_Code/tilt_plate/USB_DEVICE/App/usb_device.c_save
2026-04-08 15:31:48,777 [INFO] CodeEngine:289 - Generated code: /Users/jaspertan/Desktop/SCU/MECH208/Final_Project/Code/STM32_Code/tilt_plate/USB_DEVICE/App/usb_device.c
2026-04-08 15:31:48,779 [INFO] CodeEngine:265 - oldGeneratedFile, /Users/jaspertan/Desktop/SCU/MECH208/Final_Project/Code/STM32_Code/tilt_plate/USB_DEVICE/App/usb_device.h_save
2026-04-08 15:31:48,852 [INFO] CodeEngine:289 - Generated code: /Users/jaspertan/Desktop/SCU/MECH208/Final_Project/Code/STM32_Code/tilt_plate/USB_DEVICE/App/usb_device.h
2026-04-08 15:31:48,856 [INFO] CodeEngine:265 - oldGeneratedFile, /Users/jaspertan/Desktop/SCU/MECH208/Final_Project/Code/STM32_Code/tilt_plate/USB_DEVICE/Target/usbd_conf.h_save
2026-04-08 15:31:48,918 [INFO] CodeEngine:289 - Generated code: /Users/jaspertan/Desktop/SCU/MECH208/Final_Project/Code/STM32_Code/tilt_plate/USB_DEVICE/Target/usbd_conf.h
2026-04-08 15:31:48,922 [INFO] CodeEngine:265 - oldGeneratedFile, /Users/jaspertan/Desktop/SCU/MECH208/Final_Project/Code/STM32_Code/tilt_plate/USB_DEVICE/Target/usbd_conf.c_save
2026-04-08 15:31:48,993 [INFO] CodeEngine:289 - Generated code: /Users/jaspertan/Desktop/SCU/MECH208/Final_Project/Code/STM32_Code/tilt_plate/USB_DEVICE/Target/usbd_conf.c
2026-04-08 15:31:48,996 [INFO] CodeEngine:265 - oldGeneratedFile, /Users/jaspertan/Desktop/SCU/MECH208/Final_Project/Code/STM32_Code/tilt_plate/USB_DEVICE/App/usbd_desc.h_save
2026-04-08 15:31:49,036 [INFO] CodeEngine:289 - Generated code: /Users/jaspertan/Desktop/SCU/MECH208/Final_Project/Code/STM32_Code/tilt_plate/USB_DEVICE/App/usbd_desc.h
2026-04-08 15:31:49,042 [INFO] CodeEngine:265 - oldGeneratedFile, /Users/jaspertan/Desktop/SCU/MECH208/Final_Project/Code/STM32_Code/tilt_plate/USB_DEVICE/App/usbd_desc.c_save
2026-04-08 15:31:49,170 [INFO] CodeEngine:289 - Generated code: /Users/jaspertan/Desktop/SCU/MECH208/Final_Project/Code/STM32_Code/tilt_plate/USB_DEVICE/App/usbd_desc.c
2026-04-08 15:31:49,172 [INFO] CodeEngine:265 - oldGeneratedFile, /Users/jaspertan/Desktop/SCU/MECH208/Final_Project/Code/STM32_Code/tilt_plate/USB_DEVICE/App/usbd_cdc_if.h_save
2026-04-08 15:31:49,216 [INFO] CodeEngine:289 - Generated code: /Users/jaspertan/Desktop/SCU/MECH208/Final_Project/Code/STM32_Code/tilt_plate/USB_DEVICE/App/usbd_cdc_if.h
2026-04-08 15:31:49,218 [INFO] CodeEngine:265 - oldGeneratedFile, /Users/jaspertan/Desktop/SCU/MECH208/Final_Project/Code/STM32_Code/tilt_plate/USB_DEVICE/App/usbd_cdc_if.c_save
2026-04-08 15:31:49,270 [INFO] CodeEngine:289 - Generated code: /Users/jaspertan/Desktop/SCU/MECH208/Final_Project/Code/STM32_Code/tilt_plate/USB_DEVICE/App/usbd_cdc_if.c
2026-04-08 15:31:49,276 [INFO] CodeEngine:265 - oldGeneratedFile, /Users/jaspertan/Desktop/SCU/MECH208/Final_Project/Code/STM32_Code/tilt_plate/Core/Src/stm32f0xx_it.c_save
2026-04-08 15:31:49,335 [INFO] CodeEngine:289 - Generated code: /Users/jaspertan/Desktop/SCU/MECH208/Final_Project/Code/STM32_Code/tilt_plate/Core/Src/stm32f0xx_it.c
2026-04-08 15:31:49,337 [INFO] CodeEngine:265 - oldGeneratedFile, /Users/jaspertan/Desktop/SCU/MECH208/Final_Project/Code/STM32_Code/tilt_plate/Core/Inc/stm32f0xx_it.h_save
2026-04-08 15:31:49,375 [INFO] CodeEngine:289 - Generated code: /Users/jaspertan/Desktop/SCU/MECH208/Final_Project/Code/STM32_Code/tilt_plate/Core/Inc/stm32f0xx_it.h
2026-04-08 15:31:49,388 [INFO] CodeEngine:265 - oldGeneratedFile, /Users/jaspertan/Desktop/SCU/MECH208/Final_Project/Code/STM32_Code/tilt_plate/Core/Src/stm32f0xx_hal_msp.c_save
2026-04-08 15:31:49,459 [INFO] CodeEngine:289 - Generated code: /Users/jaspertan/Desktop/SCU/MECH208/Final_Project/Code/STM32_Code/tilt_plate/Core/Src/stm32f0xx_hal_msp.c
2026-04-08 15:31:49,463 [INFO] CodeEngine:265 - oldGeneratedFile, /Users/jaspertan/Desktop/SCU/MECH208/Final_Project/Code/STM32_Code/tilt_plate/MXTmpFiles/system.tmp_save
2026-04-08 15:31:49,504 [INFO] CodeEngine:289 - Generated code: /Users/jaspertan/Desktop/SCU/MECH208/Final_Project/Code/STM32_Code/tilt_plate/MXTmpFiles/system.tmp
2026-04-08 15:31:49,508 [INFO] CodeEngine:321 - oldGeneratedFile, /Users/jaspertan/Desktop/SCU/MECH208/Final_Project/Code/STM32_Code/tilt_plate/Core/Inc/stm32f0xx_hal_conf.h_save
2026-04-08 15:31:49,576 [INFO] CodeEngine:345 - Generated code: /Users/jaspertan/Desktop/SCU/MECH208/Final_Project/Code/STM32_Code/tilt_plate/Core/Inc/stm32f0xx_hal_conf.h
2026-04-08 15:31:49,611 [INFO] CodeEngine:265 - oldGeneratedFile, /Users/jaspertan/Desktop/SCU/MECH208/Final_Project/Code/STM32_Code/tilt_plate/Core/Inc/main.h_save
2026-04-08 15:31:49,691 [INFO] CodeEngine:289 - Generated code: /Users/jaspertan/Desktop/SCU/MECH208/Final_Project/Code/STM32_Code/tilt_plate/Core/Inc/main.h
2026-04-08 15:31:49,693 [INFO] CodeEngine:265 - oldGeneratedFile, /Users/jaspertan/Desktop/SCU/MECH208/Final_Project/Code/STM32_Code/tilt_plate/Core/Src/main.c_save
2026-04-08 15:31:49,781 [INFO] CodeEngine:289 - Generated code: /Users/jaspertan/Desktop/SCU/MECH208/Final_Project/Code/STM32_Code/tilt_plate/Core/Src/main.c
2026-04-08 15:31:49,938 [INFO] ProjectBuilder:3606 - Time for Copy HAL[1] : 55mS.
2026-04-08 15:31:49,942 [INFO] ProjectBuilder:5216 - Project Generator version: 4.7.0-B52
2026-04-08 15:31:49,996 [INFO] ConfigFileManager:1595 - The Die is : DIE445
2026-04-08 15:31:53,295 [INFO] ProjectBuilder:5496 - Time for Generating toolchain IDE Files: 3349mS.
2026-04-08 15:31:53,300 [INFO] ProjectBuilder:3463 - Time for Copy CMSIS : 0mS.
2026-04-08 15:31:53,304 [INFO] ProjectBuilder:3463 - Time for Copy CMSIS : 0mS.
2026-04-08 15:35:43,580 [INFO] NvicIntPanel:101 - NVIC parent = com.st.microxplorer.plugins.ip.nvic.MultiNvicIntPanel[,0,0,0x0,invalid,layout=javax.swing.BoxLayout,alignmentX=0.0,alignmentY=0.0,border=,flags=9,maximumSize=,minimumSize=,preferredSize=]
2026-04-08 15:37:33,892 [INFO] NvicIntPanel:101 - NVIC parent = com.st.microxplorer.plugins.ip.nvic.MultiNvicIntPanel[,0,0,0x0,invalid,layout=javax.swing.BoxLayout,alignmentX=0.0,alignmentY=0.0,border=,flags=9,maximumSize=,minimumSize=,preferredSize=]
2026-04-08 15:37:34,349 [INFO] UtilMem:75 - End SaveConfig() Used Memory: 906748792 Bytes (1073741824)
2026-04-08 15:37:34,578 [INFO] UtilMem:75 - End SaveConfig() Used Memory: 918220416 Bytes (1073741824)
2026-04-08 15:37:37,102 [INFO] UtilMem:75 - End SaveConfig() Used Memory: 988015480 Bytes (1073741824)
2026-04-08 15:37:38,184 [INFO] BlockDiagram:2775 - set Specific Code input for plugin: ADC
2026-04-08 15:37:38,197 [INFO] BlockDiagram:2775 - set Specific Code input for plugin: NVIC
2026-04-08 15:37:38,199 [INFO] BlockDiagram:2775 - set Specific Code input for plugin: USB_DEVICE
2026-04-08 15:37:38,199 [INFO] BlockDiagram:2775 - set Specific Code input for plugin: USB
2026-04-08 15:37:38,199 [INFO] BlockDiagram:2775 - set Specific Code input for plugin: SYS
2026-04-08 15:37:38,200 [INFO] BlockDiagram:2775 - set Specific Code input for plugin: GPIO
2026-04-08 15:37:38,200 [INFO] BlockDiagram:2775 - set Specific Code input for plugin: RCC
2026-04-08 15:37:38,202 [INFO] CodeGenerator:892 - code generatio: config db path: /Applications/STM32CubeIDE.app/Contents/Eclipse/plugins/com.st.stm32cube.common.mx_6.15.0.202507011659//db/
2026-04-08 15:37:38,383 [INFO] CodeEngine:265 - oldGeneratedFile, /Users/jaspertan/Desktop/SCU/MECH208/Final_Project/Code/STM32_Code/tilt_plate/MXTmpFiles/license.tmp_save
2026-04-08 15:37:38,494 [INFO] CodeEngine:289 - Generated code: /Users/jaspertan/Desktop/SCU/MECH208/Final_Project/Code/STM32_Code/tilt_plate/MXTmpFiles/license.tmp
2026-04-08 15:37:38,530 [INFO] CodeEngine:265 - oldGeneratedFile, /Users/jaspertan/Desktop/SCU/MECH208/Final_Project/Code/STM32_Code/tilt_plate/MXTmpFiles/gpio.tmp_save
2026-04-08 15:37:38,619 [INFO] CodeEngine:289 - Generated code: /Users/jaspertan/Desktop/SCU/MECH208/Final_Project/Code/STM32_Code/tilt_plate/MXTmpFiles/gpio.tmp
2026-04-08 15:37:38,677 [INFO] CodeEngine:265 - oldGeneratedFile, /Users/jaspertan/Desktop/SCU/MECH208/Final_Project/Code/STM32_Code/tilt_plate/MXTmpFiles/usb_vars.tmp_save
2026-04-08 15:37:38,715 [INFO] CodeEngine:289 - Generated code: /Users/jaspertan/Desktop/SCU/MECH208/Final_Project/Code/STM32_Code/tilt_plate/MXTmpFiles/usb_vars.tmp
2026-04-08 15:37:38,716 [INFO] CodeEngine:265 - oldGeneratedFile, /Users/jaspertan/Desktop/SCU/MECH208/Final_Project/Code/STM32_Code/tilt_plate/MXTmpFiles/usb_inc.tmp_save
2026-04-08 15:37:38,749 [INFO] CodeEngine:289 - Generated code: /Users/jaspertan/Desktop/SCU/MECH208/Final_Project/Code/STM32_Code/tilt_plate/MXTmpFiles/usb_inc.tmp
2026-04-08 15:37:38,752 [INFO] CodeEngine:265 - oldGeneratedFile, /Users/jaspertan/Desktop/SCU/MECH208/Final_Project/Code/STM32_Code/tilt_plate/MXTmpFiles/usb_HalInit.tmp_save
2026-04-08 15:37:38,794 [INFO] CodeEngine:289 - Generated code: /Users/jaspertan/Desktop/SCU/MECH208/Final_Project/Code/STM32_Code/tilt_plate/MXTmpFiles/usb_HalInit.tmp
2026-04-08 15:37:38,796 [INFO] CodeEngine:265 - oldGeneratedFile, /Users/jaspertan/Desktop/SCU/MECH208/Final_Project/Code/STM32_Code/tilt_plate/MXTmpFiles/usb_Msp.tmp_save
2026-04-08 15:37:38,843 [INFO] CodeEngine:289 - Generated code: /Users/jaspertan/Desktop/SCU/MECH208/Final_Project/Code/STM32_Code/tilt_plate/MXTmpFiles/usb_Msp.tmp
2026-04-08 15:37:38,922 [INFO] Middleware:1452 - No code input for Bsp Dependency
2026-04-08 15:37:38,927 [INFO] Middleware:1452 - No code input for Bsp Dependency
2026-04-08 15:37:38,934 [INFO] CodeEngine:265 - oldGeneratedFile, /Users/jaspertan/Desktop/SCU/MECH208/Final_Project/Code/STM32_Code/tilt_plate/USB_DEVICE/App/usb_device.c_save
2026-04-08 15:37:38,973 [INFO] CodeEngine:289 - Generated code: /Users/jaspertan/Desktop/SCU/MECH208/Final_Project/Code/STM32_Code/tilt_plate/USB_DEVICE/App/usb_device.c
2026-04-08 15:37:38,975 [INFO] CodeEngine:265 - oldGeneratedFile, /Users/jaspertan/Desktop/SCU/MECH208/Final_Project/Code/STM32_Code/tilt_plate/USB_DEVICE/App/usb_device.h_save
2026-04-08 15:37:39,014 [INFO] CodeEngine:289 - Generated code: /Users/jaspertan/Desktop/SCU/MECH208/Final_Project/Code/STM32_Code/tilt_plate/USB_DEVICE/App/usb_device.h
2026-04-08 15:37:39,016 [INFO] CodeEngine:265 - oldGeneratedFile, /Users/jaspertan/Desktop/SCU/MECH208/Final_Project/Code/STM32_Code/tilt_plate/USB_DEVICE/Target/usbd_conf.h_save
2026-04-08 15:37:39,049 [INFO] CodeEngine:289 - Generated code: /Users/jaspertan/Desktop/SCU/MECH208/Final_Project/Code/STM32_Code/tilt_plate/USB_DEVICE/Target/usbd_conf.h
2026-04-08 15:37:39,051 [INFO] CodeEngine:265 - oldGeneratedFile, /Users/jaspertan/Desktop/SCU/MECH208/Final_Project/Code/STM32_Code/tilt_plate/USB_DEVICE/Target/usbd_conf.c_save
2026-04-08 15:37:39,090 [INFO] CodeEngine:289 - Generated code: /Users/jaspertan/Desktop/SCU/MECH208/Final_Project/Code/STM32_Code/tilt_plate/USB_DEVICE/Target/usbd_conf.c
2026-04-08 15:37:39,092 [INFO] CodeEngine:265 - oldGeneratedFile, /Users/jaspertan/Desktop/SCU/MECH208/Final_Project/Code/STM32_Code/tilt_plate/USB_DEVICE/App/usbd_desc.h_save
2026-04-08 15:37:39,128 [INFO] CodeEngine:289 - Generated code: /Users/jaspertan/Desktop/SCU/MECH208/Final_Project/Code/STM32_Code/tilt_plate/USB_DEVICE/App/usbd_desc.h
2026-04-08 15:37:39,130 [INFO] CodeEngine:265 - oldGeneratedFile, /Users/jaspertan/Desktop/SCU/MECH208/Final_Project/Code/STM32_Code/tilt_plate/USB_DEVICE/App/usbd_desc.c_save
2026-04-08 15:37:39,184 [INFO] CodeEngine:289 - Generated code: /Users/jaspertan/Desktop/SCU/MECH208/Final_Project/Code/STM32_Code/tilt_plate/USB_DEVICE/App/usbd_desc.c
2026-04-08 15:37:39,186 [INFO] CodeEngine:265 - oldGeneratedFile, /Users/jaspertan/Desktop/SCU/MECH208/Final_Project/Code/STM32_Code/tilt_plate/USB_DEVICE/App/usbd_cdc_if.h_save
2026-04-08 15:37:39,224 [INFO] CodeEngine:289 - Generated code: /Users/jaspertan/Desktop/SCU/MECH208/Final_Project/Code/STM32_Code/tilt_plate/USB_DEVICE/App/usbd_cdc_if.h
2026-04-08 15:37:39,226 [INFO] CodeEngine:265 - oldGeneratedFile, /Users/jaspertan/Desktop/SCU/MECH208/Final_Project/Code/STM32_Code/tilt_plate/USB_DEVICE/App/usbd_cdc_if.c_save
2026-04-08 15:37:39,273 [INFO] CodeEngine:289 - Generated code: /Users/jaspertan/Desktop/SCU/MECH208/Final_Project/Code/STM32_Code/tilt_plate/USB_DEVICE/App/usbd_cdc_if.c
2026-04-08 15:37:39,277 [INFO] CodeEngine:265 - oldGeneratedFile, /Users/jaspertan/Desktop/SCU/MECH208/Final_Project/Code/STM32_Code/tilt_plate/Core/Src/stm32f0xx_it.c_save
2026-04-08 15:37:39,318 [INFO] CodeEngine:289 - Generated code: /Users/jaspertan/Desktop/SCU/MECH208/Final_Project/Code/STM32_Code/tilt_plate/Core/Src/stm32f0xx_it.c
2026-04-08 15:37:39,320 [INFO] CodeEngine:265 - oldGeneratedFile, /Users/jaspertan/Desktop/SCU/MECH208/Final_Project/Code/STM32_Code/tilt_plate/Core/Inc/stm32f0xx_it.h_save
2026-04-08 15:37:39,353 [INFO] CodeEngine:289 - Generated code: /Users/jaspertan/Desktop/SCU/MECH208/Final_Project/Code/STM32_Code/tilt_plate/Core/Inc/stm32f0xx_it.h
2026-04-08 15:37:39,363 [INFO] CodeEngine:265 - oldGeneratedFile, /Users/jaspertan/Desktop/SCU/MECH208/Final_Project/Code/STM32_Code/tilt_plate/Core/Src/stm32f0xx_hal_msp.c_save
2026-04-08 15:37:39,415 [INFO] CodeEngine:289 - Generated code: /Users/jaspertan/Desktop/SCU/MECH208/Final_Project/Code/STM32_Code/tilt_plate/Core/Src/stm32f0xx_hal_msp.c
2026-04-08 15:37:39,417 [INFO] CodeEngine:265 - oldGeneratedFile, /Users/jaspertan/Desktop/SCU/MECH208/Final_Project/Code/STM32_Code/tilt_plate/MXTmpFiles/system.tmp_save
2026-04-08 15:37:39,448 [INFO] CodeEngine:289 - Generated code: /Users/jaspertan/Desktop/SCU/MECH208/Final_Project/Code/STM32_Code/tilt_plate/MXTmpFiles/system.tmp
2026-04-08 15:37:39,452 [INFO] CodeEngine:321 - oldGeneratedFile, /Users/jaspertan/Desktop/SCU/MECH208/Final_Project/Code/STM32_Code/tilt_plate/Core/Inc/stm32f0xx_hal_conf.h_save
2026-04-08 15:37:39,488 [INFO] CodeEngine:345 - Generated code: /Users/jaspertan/Desktop/SCU/MECH208/Final_Project/Code/STM32_Code/tilt_plate/Core/Inc/stm32f0xx_hal_conf.h
2026-04-08 15:37:39,514 [INFO] CodeEngine:265 - oldGeneratedFile, /Users/jaspertan/Desktop/SCU/MECH208/Final_Project/Code/STM32_Code/tilt_plate/Core/Inc/main.h_save
2026-04-08 15:37:39,552 [INFO] CodeEngine:289 - Generated code: /Users/jaspertan/Desktop/SCU/MECH208/Final_Project/Code/STM32_Code/tilt_plate/Core/Inc/main.h
2026-04-08 15:37:39,554 [INFO] CodeEngine:265 - oldGeneratedFile, /Users/jaspertan/Desktop/SCU/MECH208/Final_Project/Code/STM32_Code/tilt_plate/Core/Src/main.c_save
2026-04-08 15:37:39,619 [INFO] CodeEngine:289 - Generated code: /Users/jaspertan/Desktop/SCU/MECH208/Final_Project/Code/STM32_Code/tilt_plate/Core/Src/main.c
2026-04-08 15:37:39,773 [INFO] ProjectBuilder:3606 - Time for Copy HAL[1] : 61mS.
2026-04-08 15:37:39,777 [INFO] ProjectBuilder:5216 - Project Generator version: 4.7.0-B52
2026-04-08 15:37:39,840 [INFO] ConfigFileManager:1595 - The Die is : DIE445
2026-04-08 15:37:42,548 [INFO] ProjectBuilder:5496 - Time for Generating toolchain IDE Files: 2766mS.
2026-04-08 15:37:42,555 [INFO] ProjectBuilder:3463 - Time for Copy CMSIS : 0mS.
2026-04-08 15:37:42,558 [INFO] ProjectBuilder:3463 - Time for Copy CMSIS : 0mS.
2026-04-08 15:56:16,236 [INFO] WebApp:194 - Connection lost
2026-04-08 15:56:17,045 [INFO] WebApp:191 - Connection restablished
2026-04-08 16:14:21,785 [INFO] WebApp:194 - Connection lost
2026-04-08 16:14:22,143 [INFO] WebApp:191 - Connection restablished
2026-04-08 16:29:25,761 [INFO] WebApp:194 - Connection lost
2026-04-08 16:29:26,192 [INFO] WebApp:191 - Connection restablished
2026-04-08 16:58:31,718 [INFO] WebApp:194 - Connection lost
2026-04-08 16:58:32,002 [INFO] WebApp:191 - Connection restablished
2026-04-08 17:13:49,666 [INFO] WebApp:194 - Connection lost
2026-04-08 17:13:49,931 [INFO] WebApp:191 - Connection restablished
2026-04-08 17:29:44,745 [INFO] WebApp:194 - Connection lost
2026-04-08 17:29:45,681 [INFO] WebApp:191 - Connection restablished
2026-04-08 17:34:47,330 [INFO] WebApp:194 - Connection lost
2026-04-08 17:34:47,832 [INFO] WebApp:191 - Connection restablished
2026-04-08 17:48:50,917 [INFO] WebApp:194 - Connection lost
2026-04-08 17:48:51,406 [INFO] WebApp:191 - Connection restablished
2026-04-08 18:04:45,727 [INFO] WebApp:194 - Connection lost
2026-04-08 18:04:46,175 [INFO] WebApp:191 - Connection restablished
2026-04-08 18:14:14,769 [INFO] WebApp:194 - Connection lost
2026-04-08 18:14:15,262 [INFO] WebApp:191 - Connection restablished
2026-04-08 18:14:35,863 [INFO] WebApp:194 - Connection lost
2026-04-08 18:14:36,597 [INFO] WebApp:191 - Connection restablished
2026-04-08 18:14:44,145 [INFO] WebApp:194 - Connection lost
2026-04-08 18:14:44,777 [INFO] WebApp:191 - Connection restablished
2026-04-08 18:30:03,604 [INFO] WebApp:194 - Connection lost
2026-04-08 18:30:04,185 [INFO] WebApp:191 - Connection restablished
2026-04-08 18:35:00,080 [INFO] WebApp:194 - Connection lost
2026-04-08 18:35:01,069 [INFO] WebApp:191 - Connection restablished
2026-04-08 18:52:45,748 [INFO] WebApp:194 - Connection lost
2026-04-08 18:52:46,544 [INFO] WebApp:191 - Connection restablished
2026-04-08 19:07:48,918 [INFO] WebApp:194 - Connection lost
2026-04-08 19:07:49,138 [INFO] WebApp:191 - Connection restablished
2026-04-08 19:08:05,216 [INFO] WebApp:194 - Connection lost
2026-04-08 19:08:06,831 [INFO] WebApp:191 - Connection restablished
2026-04-08 19:09:27,554 [INFO] WebApp:194 - Connection lost
2026-04-08 19:09:28,242 [INFO] WebApp:191 - Connection restablished
2026-04-08 19:15:08,232 [INFO] WebApp:194 - Connection lost
2026-04-08 19:15:08,982 [INFO] WebApp:191 - Connection restablished
2026-04-08 19:15:31,276 [INFO] WebApp:194 - Connection lost
2026-04-08 19:15:31,899 [INFO] WebApp:191 - Connection restablished
2026-04-08 19:18:11,635 [INFO] WebApp:194 - Connection lost
2026-04-08 19:18:12,077 [INFO] WebApp:191 - Connection restablished
2026-04-08 19:18:35,923 [INFO] WebApp:194 - Connection lost
2026-04-08 19:18:36,325 [INFO] WebApp:191 - Connection restablished
2026-04-08 19:22:13,095 [INFO] WebApp:194 - Connection lost
2026-04-08 19:22:13,496 [INFO] WebApp:191 - Connection restablished
2026-04-08 19:40:33,824 [INFO] WebApp:194 - Connection lost
2026-04-08 19:40:34,510 [INFO] WebApp:191 - Connection restablished
2026-04-08 19:47:36,508 [INFO] WebApp:194 - Connection lost
2026-04-08 19:47:37,944 [INFO] WebApp:191 - Connection restablished
2026-04-08 19:50:22,425 [INFO] WebApp:194 - Connection lost
2026-04-08 19:50:22,768 [INFO] WebApp:191 - Connection restablished
2026-04-08 20:43:37,030 [INFO] WebApp:194 - Connection lost
2026-04-08 20:43:37,840 [INFO] WebApp:191 - Connection restablished
2026-04-08 20:58:13,484 [INFO] WebApp:194 - Connection lost
2026-04-08 20:58:14,125 [INFO] WebApp:191 - Connection restablished
2026-04-08 21:16:12,697 [INFO] WebApp:194 - Connection lost
2026-04-08 21:16:13,279 [INFO] WebApp:191 - Connection restablished
2026-04-08 21:48:44,656 [INFO] WebApp:194 - Connection lost
2026-04-08 21:48:45,918 [INFO] WebApp:191 - Connection restablished
2026-04-08 22:05:30,440 [INFO] WebApp:194 - Connection lost
2026-04-08 22:05:32,055 [INFO] WebApp:191 - Connection restablished
2026-04-08 22:06:34,959 [INFO] WebApp:194 - Connection lost
2026-04-08 22:06:35,486 [INFO] WebApp:191 - Connection restablished
2026-04-08 22:24:19,734 [INFO] WebApp:194 - Connection lost
2026-04-08 22:24:20,195 [INFO] WebApp:191 - Connection restablished
2026-04-08 22:25:47,897 [INFO] WebApp:194 - Connection lost
2026-04-08 22:25:48,172 [INFO] WebApp:191 - Connection restablished
2026-04-08 22:40:56,956 [INFO] WebApp:194 - Connection lost
2026-04-08 22:40:57,260 [INFO] WebApp:191 - Connection restablished
2026-04-08 22:56:22,817 [INFO] WebApp:194 - Connection lost
2026-04-08 22:56:23,893 [INFO] WebApp:191 - Connection restablished
2026-04-08 22:59:46,818 [INFO] WebApp:194 - Connection lost
2026-04-08 22:59:47,258 [INFO] WebApp:191 - Connection restablished
2026-04-08 23:12:37,903 [INFO] WebApp:194 - Connection lost
2026-04-08 23:12:38,369 [INFO] WebApp:191 - Connection restablished
2026-04-08 23:15:04,144 [INFO] WebApp:194 - Connection lost
2026-04-08 23:15:05,057 [INFO] WebApp:191 - Connection restablished
2026-04-08 23:16:39,666 [INFO] WebApp:194 - Connection lost
2026-04-08 23:16:40,411 [INFO] WebApp:191 - Connection restablished
2026-04-08 23:20:29,450 [INFO] WebApp:194 - Connection lost
2026-04-08 23:20:29,719 [INFO] WebApp:191 - Connection restablished
2026-04-08 23:35:47,684 [INFO] WebApp:194 - Connection lost
2026-04-08 23:35:47,937 [INFO] WebApp:191 - Connection restablished
2026-04-08 23:53:23,840 [INFO] WebApp:194 - Connection lost
2026-04-08 23:53:24,172 [INFO] WebApp:191 - Connection restablished
2026-04-08 23:53:29,686 [INFO] WebApp:194 - Connection lost
2026-04-08 23:53:30,442 [INFO] WebApp:191 - Connection restablished
2026-04-08 23:53:38,891 [INFO] WebApp:194 - Connection lost
2026-04-08 23:53:39,560 [INFO] WebApp:191 - Connection restablished
